Archive member included because of file (symbol)

../../code/camcu_platform/config/../lib/81332B02\lib81332.a(lib_adc.o)
                              (--whole-archive)
../../code/camcu_platform/config/../lib/81332B02\lib81332.a(bist.o)
                              (--whole-archive)
../../code/camcu_platform/config/../lib/81332B02\lib81332.a(bl_main.o)
                              (--whole-archive)
../../code/camcu_platform/config/../lib/81332B02\lib81332.a(lib_calculate_shunt_current.o)
                              (--whole-archive)
../../code/camcu_platform/config/../lib/81332B02\lib81332.a(lib_calculate_temperature.o)
                              (--whole-archive)
../../code/camcu_platform/config/../lib/81332B02\lib81332.a(lib_calculate_voltage.o)
                              (--whole-archive)
../../code/camcu_platform/config/../lib/81332B02\lib81332.a(lib_clock.o)
                              (--whole-archive)
../../code/camcu_platform/config/../lib/81332B02\lib81332.a(ctimerlib.o)
                              (--whole-archive)
../../code/camcu_platform/config/../lib/81332B02\lib81332.a(eeprom_drv.o)
                              (--whole-archive)
../../code/camcu_platform/config/../lib/81332B02\lib81332.a(error_handler.o)
                              (--whole-archive)
../../code/camcu_platform/config/../lib/81332B02\lib81332.a(flash_drv.o)
                              (--whole-archive)
../../code/camcu_platform/config/../lib/81332B02\lib81332.a(fwversion.o)
                              (--whole-archive)
../../code/camcu_platform/config/../lib/81332B02\lib81332.a(lib_gpio.o)
                              (--whole-archive)
../../code/camcu_platform/config/../lib/81332B02\lib81332.a(bl_bist.o)
                              (--whole-archive)
../../code/camcu_platform/config/../lib/81332B02\lib81332.a(bl_tools.o)
                              (--whole-archive)
../../code/camcu_platform/config/../lib/81332B02\lib81332.a(delay.o)
                              (--whole-archive)
../../code/camcu_platform/config/../lib/81332B02\lib81332.a(flash_hw.o)
                              (--whole-archive)
../../code/camcu_platform/config/../lib/81332B02\lib81332.a(mem_checks.o)
                              (--whole-archive)
../../code/camcu_platform/config/../lib/81332B02\lib81332.a(memory.o)
                              (--whole-archive)
../../code/camcu_platform/config/../lib/81332B02\lib81332.a(mls_diag.o)
                              (--whole-archive)
../../code/camcu_platform/config/../lib/81332B02\lib81332.a(mls_init.o)
                              (--whole-archive)
../../code/camcu_platform/config/../lib/81332B02\lib81332.a(mls_support.o)
                              (--whole-archive)
../../code/camcu_platform/config/../lib/81332B02\lib81332.a(lib_motor_driver.o)
                              (--whole-archive)
../../code/camcu_platform/config/../lib/81332B02\lib81332.a(lib_motor_table.o)
                              (--whole-archive)
../../code/camcu_platform/config/../lib/81332B02\lib81332.a(lib_patch.o)
                              (--whole-archive)
../../code/camcu_platform/config/../lib/81332B02\lib81332.a(ppm_epm.o)
                              (--whole-archive)
../../code/camcu_platform/config/../lib/81332B02\lib81332.a(bl_ppm.o)
                              (--whole-archive)
../../code/camcu_platform/config/../lib/81332B02\lib81332.a(bl_ppm_write_funcs.o)
                              (--whole-archive)
../../code/camcu_platform/config/../lib/81332B02\lib81332.a(ppm_lib.o)
                              (--whole-archive)
../../code/camcu_platform/config/../lib/81332B02\lib81332.a(lib_pwm.o)
                              (--whole-archive)
../../code/camcu_platform/config/../lib/81332B02\lib81332.a(sent_hal.o)
                              (--whole-archive)
../../code/camcu_platform/config/../lib/81332B02\lib81332.a(timerlib.o)
                              (--whole-archive)
../../code/camcu_platform/config/../lib/81332B02\lib81332.a(sleep_mode.o)
                              (--whole-archive)
../../code/camcu_platform/config/../lib/81332B02\lib81332.a(lib_softio.o)
                              (--whole-archive)
../../code/camcu_platform/config/../lib/81332B02\lib81332.a(lib_spi.o)
                              (--whole-archive)
../../code/camcu_platform/config/../lib/81332B02\lib81332.a(fatal.o)
                              (--whole-archive)
../../code/camcu_platform/config/../lib/81332B02\lib81332.a(ram_bist_internal.o)
                              (--whole-archive)
../../code/camcu_platform/config/../lib/81332B02\lib81332.a(rom_ram_section_init.o)
                              (--whole-archive)
../../code/camcu_platform/config/../lib/81332B02\lib81332.a(start_checks.o)
                              (--whole-archive)
../../code/camcu_platform/config/../lib/81332B02\lib81332.a(startup.o)
[...]
Memory Configuration

Name             Origin             Length             Attributes
eeprom_patch     0x0000000000000800 0x0000000000000040 rw !x
eeprom           0x0000000000000840 0x0000000000000170 rw !x
eeprom_cal       0x00000000000009b0 0x0000000000000050 r !x
eeprom_cs        0x0000000000000a00 0x0000000000000040 r !x
eeprom_reg       0x0000000000000a40 0x0000000000000006 rw !x
special          0x0000000000000e40 0x0000000000000010 rw
mlx4_cst_tbl_ram 0x0000000000000e80 0x000000000000005e rw
mlx4_par_tbl_ram 0x0000000000000f00 0x0000000000000088 rw
mlx4_patch_area  0x0000000000000f88 0x0000000000000078 rw
ram              0x0000000000001000 0x00000000000007ea xrw
bl_ram           0x00000000000017ea 0x000000000000000e rw
bist_stat        0x00000000000017f8 0x0000000000000008 rw
rom              0x0000000000002000 0x00000000000027fc xr
rom_crc          0x00000000000047fc 0x0000000000000004 xr
flash_control    0x0000000000005668 0x0000000000000198 rw
fw_vectors       0x0000000000005800 0x0000000000000240 xr
flash            0x0000000000005a40 0x0000000000007da4 xr
fw_product_id    0x000000000000d7e4 0x0000000000000008 r
fw_app_version   0x000000000000d7ec 0x0000000000000004 r
fw_pltf_version  0x000000000000d7f0 0x0000000000000004 r
fw_prot_key      0x000000000000d7f4 0x0000000000000008 r
flash_crc        0x000000000000d7fc 0x0000000000000004 r
*default*        0x0000000000000000 0xffffffffffffffff

Linker script and memory map

LOAD obj/fw_mls_module_cst_table.o
LOAD obj/fw_sys_services.o
LOAD obj/fw_vectors.o
LOAD obj/lin2b_romtbl.o
LOAD obj/AppLin.o
LOAD obj/AppValve.o
LOAD obj/adc.o
LOAD obj/app_descriptor.o
LOAD obj/app_sensor.o
LOAD obj/conv_chip_temperature.o
LOAD obj/conv_clock_error.o
LOAD obj/conv_high_voltage.o
LOAD obj/conv_low_voltage.o
LOAD obj/conv_motor_voltage.o
LOAD obj/conv_shunt_current.o
LOAD obj/dcm_driver.o
LOAD obj/diagnostic.o
LOAD obj/eeprom_app.o
LOAD obj/filter_avg.o
LOAD obj/fw_ints.o
LOAD obj/fw_mls_api.o
LOAD obj/fw_mls_device_id.o
LOAD obj/fw_premain.o
LOAD obj/fw_ram_section_init.o
LOAD obj/fw_startup.o
LOAD obj/lin22.o
LOAD obj/lin_api_config.o
LOAD obj/lin_cfg_sl.o
LOAD obj/lin_core.o
LOAD obj/lin_core_sl.o
LOAD obj/lin_signals.o
LOAD obj/lin_trans.o
LOAD obj/lin_trans_sl.o
LOAD obj/main.o
LOAD obj/protection.o
LOAD obj/pwm.o
LOAD obj/swtimer.o
LOAD obj/systimer.o
LOAD obj/uart.o
LOAD obj/uart_plot.o
LOAD obj/unirom.o
START GROUP
LOAD ../../code/camcu_platform/config/../lib/81332B02\lib81332.a
LOAD ../../code/camcu_platform/config/../lib/81332B02\libbuffers.a
LOAD ../../code/camcu_platform/config/../lib/81332B02\libmath.a
LOAD ../../code/camcu_platform/config/../lib/81332B02\libmlx_lin_api.a
END GROUP
                0x000000000090d8f3                FL_SIGN = 0x90d8f3
LOAD c:/program files/melexis/melexis ide/plugins/com.melexis.mlxide.compiler.3.1.115.11_1.0.0.202206141129/compiler/bin/../lib/gcc/mlx16/7.5.0/mlx16-fx\libgcc.a
LOAD c:/program files/melexis/melexis ide/plugins/com.melexis.mlxide.compiler.3.1.115.11_1.0.0.202206141129/compiler/bin/../lib/gcc/mlx16/7.5.0/../../../../mlx16/lib/mlx16-fx\libc.a
LOAD c:/program files/melexis/melexis ide/plugins/com.melexis.mlxide.compiler.3.1.115.11_1.0.0.202206141129/compiler/bin/../lib/gcc/mlx16/7.5.0/mlx16-fx\libgcc.a
START GROUP
LOAD c:/program files/melexis/melexis ide/plugins/com.melexis.mlxide.compiler.3.1.115.11_1.0.0.202206141129/compiler/bin/../lib/gcc/mlx16/7.5.0/../../../../mlx16/lib/mlx16-fx\libc.a
LOAD c:/program files/melexis/melexis ide/plugins/com.melexis.mlxide.compiler.3.1.115.11_1.0.0.202206141129/compiler/bin/../lib/gcc/mlx16/7.5.0/mlx16-fx\libgcc.a
END GROUP
                0x0000000000001000                __dp__ = 0x1000
                0x0000000000000000                __io__ = 0x0
                0x0000000000000800                __ep__ = 0x800
                0x0000000000002000                __fp0__ = 0x2000
                0x0000000000002100                __fp1__ = 0x2100
                0x0000000000002200                __fp2__ = 0x2200
                0x0000000000002300                __fp3__ = 0x2300
                0x0000000000002400                __fp4__ = 0x2400
                0x0000000000002500                __fp5__ = 0x2500
                0x0000000000002600                __fp6__ = 0x2600
                0x0000000000000800                __fp7__ = 0x800
                0x0000000000002000                __gdb_entry_point__ = 0x2000

.fw_vectors     0x0000000000005800      0x240
 *(.fw_vectors)
 .fw_vectors    0x0000000000005800      0x240 obj/fw_vectors.o
                0x0000000000005800                __fw_vectors

.fw_patches
 *(.fw_patches)

.fw_sys_services
                0x0000000000005a40        0x0
 *(.fw_sys_services)
                0x0000000000005a40                . = ALIGN (0x8)
 *(.aligned_sys_funcs)

.special
 *(.special)

.mlx4_cst_tables_ram
                0x0000000000000e80       0x5e load address 0x0000000000005a40
                0x0000000000000e80                __mlx4_cst_tables_ram_start = .
 *(.mlx4_cst_tables_ram)
 .mlx4_cst_tables_ram
                0x0000000000000e80       0x5e obj/fw_mls_module_cst_table.o
                0x0000000000000e80                _lin_module_const_table_start
                0x0000000000000ede                _lin_module_const_table_end
                0x0000000000000ede                __mlx4_cst_tables_ram_end = .
                0x000000000000005e                __mlx4_cst_tables_ram_size = (__mlx4_cst_tables_ram_end - __mlx4_cst_tables_ram_start)
                0x0000000000005a40                __mlx4_cst_tables_ram_load_start = LOADADDR (.mlx4_cst_tables_ram)

.mlx4_par_tables_ram
                0x0000000000000f00       0x88 load address 0x0000000000005a9e
                0x0000000000000f00                __mlx4_flash_table_start = .
 *(.mlx4_flash_table)
 .mlx4_flash_table
                0x0000000000000f00       0x88 obj/lin2b_romtbl.o
                0x0000000000000f00                _INDXtbl
                0x0000000000000f40                _PARAMtbl
                0x0000000000000f80                _AUTOADDtbl
                0x0000000000000f88                __mlx4_flash_table_end = .
                0x0000000000000088                __mlx4_flash_table_size = (__mlx4_flash_table_end - __mlx4_flash_table_start)
                0x0000000000005a9e                __mlx4_flash_table_load_start = LOADADDR (.mlx4_par_tables_ram)

.mlx4_patch_area
                0x0000000000000f88        0x0
                0x0000000000000f88                __mlx4_patch_area_start = .
 *(.mlx4_patch_area)
                0x0000000000000f88                __mlx4_patch_area_end = .

.lin_ram_flash  0x0000000000001000       0x12
                0x0000000000000001                ASSERT ((. == ORIGIN (ram)), The .lin_ram_flash shall be placed at the beginning of the RAM)
                0x0000000000001000                . = ALIGN (0x2)
                0x0000000000001000                __ram_start = .
                0x0000000000001000                __lin_ram_flash_start = .
                0x0000000000001012                . = (. + __lin_ram_size)
 *fill*         0x0000000000001000       0x12 
 *(.lin_ram)
                0x0000000000000001                ASSERT (((__lin_ram_flash_start + __lin_ram_size) == .), The .lin_ram shall be empty for the Flash FW)
                0x0000000000001012                . = ALIGN (0x2)
                0x0000000000001012                __lin_ram_flash_end = .
                0x0000000000000012                __lin_ram_flash_size = (__lin_ram_flash_end - __lin_ram_flash_start)

.dp.data        0x0000000000001012        0x8 load address 0x0000000000005b26
                0x0000000000001012                . = ALIGN (0x2)
                0x0000000000001012                __data_dp_start = .
 *(.dp.data)
 .dp.data       0x0000000000001012        0x8 obj/uart_plot.o
                0x0000000000001012                _g_u16TxAddress
                0x000000000000101a                . = ALIGN (0x2)
                0x000000000000101a                __data_dp_end = .
                0x0000000000000008                __data_dp_size = (__data_dp_end - __data_dp_start)
                0x0000000000005b26                __data_load_start = LOADADDR (.dp.data)

.dp             0x000000000000101a        0x0 load address 0x0000000000005b2e
                0x000000000000101a                . = ALIGN (0x2)
                0x000000000000101a                __bss_dp_start = .
 *(.dp)
                0x000000000000101a                . = ALIGN (0x2)
                0x000000000000101a                __bss_dp_end = .
                0x0000000000000000                __bss_dp_size = (__bss_dp_end - __bss_dp_start)

.dpnoinit       0x000000000000101a        0x0 load address 0x0000000000005b2e
                0x000000000000101a                . = ALIGN (0x2)
                0x000000000000101a                __dpnoinit_start = .
 *(.dp.noinit)
                0x000000000000101a                . = ALIGN (0x2)
                0x000000000000101a                __dpnoinit_end = .
                0x0000000000000000                __dpnoinit_size = (__dpnoinit_end - __dpnoinit_start)

.data           0x000000000000101a       0x90 load address 0x0000000000005b2e
                0x000000000000101a                . = ALIGN (0x2)
                0x000000000000101a                __data_start = .
 *(.ramfunc)
 *(.data)
 *(.data.*)
 .data.sBase    0x000000000000101a       0x1e obj/adc.o
                0x000000000000101a                _sBase
 .data.l_sAdcAvgObject
                0x0000000000001038       0x6c obj/app_sensor.o
 .data.ml_ConfiguredNAD
                0x00000000000010a4        0x1 obj/lin_signals.o
                0x00000000000010a4                _ml_ConfiguredNAD
 *fill*         0x00000000000010a5        0x1 
 .data.__i16ChipTemperature_8562
                0x00000000000010a6        0x2 obj/main.o
 .data.l_uart_plot_dummy
                0x00000000000010a8        0x2 obj/uart_plot.o
                0x00000000000010aa                . = ALIGN (0x2)
                0x00000000000010aa                __data_end = .
                0x0000000000000090                __data_size = (__data_end - __data_start)

.bss            0x00000000000010aa      0x384 load address 0x0000000000005bbe
                0x00000000000010aa                . = ALIGN (0x2)
                0x00000000000010aa                __bss_start = .
 *(.bss)
 *(.bss.*)
 .bss.Fwv_Response_Event
                0x00000000000010aa        0x1 obj/AppLin.o
                0x00000000000010aa                _Fwv_Response_Event
 .bss.Fwv_Request_Event
                0x00000000000010ab        0x1 obj/AppLin.o
                0x00000000000010ab                _Fwv_Request_Event
 .bss.Fwv_lin_frame_Error
                0x00000000000010ac        0x1 obj/AppLin.o
                0x00000000000010ac                _Fwv_lin_frame_Error
 .bss.Fwv_lin_sleep_enable
                0x00000000000010ad        0x1 obj/AppLin.o
                0x00000000000010ad                _Fwv_lin_sleep_enable
 .bss.__LV_filterCnt_5875
                0x00000000000010ae        0x2 obj/AppValve.o
 .bss.__HV_filterCnt_5876
                0x00000000000010b0        0x2 obj/AppValve.o
 .bss.__ignNormalTimer_5863
                0x00000000000010b2        0x2 obj/AppValve.o
 .bss.u16EventValue
                0x00000000000010b4        0x2 obj/AppValve.o
                0x00000000000010b4                _u16EventValue
 .bss.u16EventState
                0x00000000000010b6        0x2 obj/AppValve.o
                0x00000000000010b6                _u16EventState
 .bss.p16AdcIrq
                0x00000000000010b8        0x2 obj/adc.o
                0x00000000000010b8                _p16AdcIrq
 .bss.i16MotorCurrentZeroOffset
                0x00000000000010ba        0x2 obj/adc.o
                0x00000000000010ba                _i16MotorCurrentZeroOffset
 .bss.l16_SetGmrSensorOffset
                0x00000000000010bc        0x2 obj/app_sensor.o
                0x00000000000010bc                _l16_SetGmrSensorOffset
 .bss.l16_GmrCalEnable
                0x00000000000010be        0x2 obj/app_sensor.o
                0x00000000000010be                _l16_GmrCalEnable
 .bss.l_au16GmrIO4AvgBuffer
                0x00000000000010c0       0x10 obj/app_sensor.o
 .bss.l_au16GmrIO3AvgBuffer
                0x00000000000010d0       0x10 obj/app_sensor.o
 .bss.l_au16GmrIO2AvgBuffer
                0x00000000000010e0       0x10 obj/app_sensor.o
 .bss.l_au16GmrIO1AvgBuffer
                0x00000000000010f0       0x10 obj/app_sensor.o
 .bss.l_au16IgnitionAvgBuffer
                0x0000000000001100       0x10 obj/app_sensor.o
 .bss.l_au16VddaAvgBuffer
                0x0000000000001110       0x10 obj/app_sensor.o
 .bss.l_au16CurrentAvgBuffer
                0x0000000000001120       0x10 obj/app_sensor.o
 .bss.l_au16TemperatureAvgBuffer
                0x0000000000001130       0x10 obj/app_sensor.o
 .bss.l_au16SupplyAvgBuffer
                0x0000000000001140       0x10 obj/app_sensor.o
 .bss.ld_ErrorDetectedMHBuffer
                0x0000000000001150        0x6 obj/fw_mls_api.o
 .bss.ld_FunctionalRequestMHBuffer
                0x0000000000001156        0x6 obj/fw_mls_api.o
 .bss.ld_ResponseTransmittedMHBuffer
                0x000000000000115c        0x6 obj/fw_mls_api.o
 .bss.ld_RequestMHBuffer
                0x0000000000001162        0x6 obj/fw_mls_api.o
 .bss.fwlinEventTable
                0x0000000000001168       0x1e obj/fw_mls_api.o
 .bss.g_u8LinErrorCode
                0x0000000000001186        0x1 obj/fw_mls_api.o
                0x0000000000001186                _g_u8LinErrorCode
 .bss.g_u8LinErrorCnt
                0x0000000000001187        0x1 obj/fw_mls_api.o
                0x0000000000001187                _g_u8LinErrorCnt
 .bss.lepmFlag  0x0000000000001188        0x1 obj/fw_mls_device_id.o
 .bss.isAwaitingResponseTransmitted
                0x0000000000001189        0x1 obj/fw_mls_device_id.o
 .bss.__u8ColinErrorState_7224
                0x000000000000118a        0x1 obj/lin22.o
 .bss.bLinTimeoutActive
                0x000000000000118b        0x1 obj/lin22.o
                0x000000000000118b                _bLinTimeoutActive
 .bss.bLinActive
                0x000000000000118c        0x1 obj/lin22.o
                0x000000000000118c                _bLinActive
 *fill*         0x000000000000118d        0x1 
 .bss.pDiagTransfer
                0x000000000000118e        0x2 obj/lin_cfg_sl.o
 .bss.pendingSlaveResponse
                0x0000000000001190        0x2 obj/lin_cfg_sl.o
 .bss.s_ifcOverrunFramesCount
                0x0000000000001192        0x1 obj/lin_core_sl.o
 *fill*         0x0000000000001193        0x1 
 .bss.l_signals
                0x0000000000001194       0x20 obj/lin_signals.o
                0x0000000000001194                _l_signals
 .bss.g_bUnderVoltageDetected
                0x00000000000011b4        0x1 obj/main.o
                0x00000000000011b4                _g_bUnderVoltageDetected
 .bss.g_e8OverCurrent
                0x00000000000011b5        0x1 obj/protection.o
                0x00000000000011b5                _g_e8OverCurrent
 .bss.g_e8ShortOcc
                0x00000000000011b6        0x2 obj/protection.o
                0x00000000000011b6                _g_e8ShortOcc
 .bss.g_e8ErrorOverTemperature
                0x00000000000011b8        0x2 obj/protection.o
                0x00000000000011b8                _g_e8ErrorOverTemperature
 .bss.g_e8ErrorVoltage
                0x00000000000011ba        0x2 obj/protection.o
                0x00000000000011ba                _g_e8ErrorVoltage
 .bss.u16LTcopy
                0x00000000000011bc        0x8 obj/pwm.o
 .bss.l_u16Payload
                0x00000000000011c4        0x8 obj/uart_plot.o
 .bss.l_au8UartRdBufB
                0x00000000000011cc        0xa obj/uart_plot.o
 .bss.l_au8UartRdBufA
                0x00000000000011d6        0xa obj/uart_plot.o
 .bss.l_ramCopy
                0x00000000000011e0       0x18 obj/unirom.o
 *(COMMON)
 COMMON         0x00000000000011f8       0xcc obj/AppValve.o
                0x00000000000011f8                _valve
                0x000000000000126a                _sensor
                0x0000000000001276                _motor
 COMMON         0x00000000000012c4       0x22 obj/adc.o
                0x00000000000012c4                _dBase
                0x00000000000012de                _g_u16IOADC4
                0x00000000000012e0                _g_u16IOADC3
                0x00000000000012e2                _g_u16IOADC2
                0x00000000000012e4                _g_u16IOADC1
 COMMON         0x00000000000012e6       0x14 obj/app_sensor.o
                0x00000000000012e6                _l16_SinNegMaxPeak
                0x00000000000012e8                _l16_SinPosMinPeak
                0x00000000000012ea                _l16_CosinPosMinPeak
                0x00000000000012ec                _l16_CosinPosMaxPeak
                0x00000000000012ee                _l16_SinPosMaxPeak
                0x00000000000012f0                _l16_CosinNegMinPeak
                0x00000000000012f2                _l16_SinNegMinPeak
                0x00000000000012f4                _l16_CosinNegMaxPeak
                0x00000000000012f6                _l16_SinOutputOffset
                0x00000000000012f8                _l16_CosinOutputOffset
 COMMON         0x00000000000012fa        0x8 obj/conv_clock_error.o
                0x00000000000012fa                _clock_error_OTempCal
                0x00000000000012fc                _clock_error_OClockCal
                0x00000000000012fe                _clock_error_SClockLowCal
                0x0000000000001300                _clock_error_SClockHighCal
 COMMON         0x0000000000001302        0x6 obj/conv_high_voltage.o
                0x0000000000001302                _calib_hvi
 COMMON         0x0000000000001308        0x6 obj/conv_low_voltage.o
                0x0000000000001308                _calib_lvi
 COMMON         0x000000000000130e        0xc obj/conv_motor_voltage.o
                0x000000000000130e                _calib_vsmf
                0x0000000000001314                _calib_vsm
 COMMON         0x000000000000131a        0x6 obj/conv_shunt_current.o
                0x000000000000131a                _calib_current
 COMMON         0x0000000000001320        0xc obj/eeprom_app.o
                0x0000000000001320                _valve_diag_data
                0x0000000000001326                _valve_gmr_data
 COMMON         0x000000000000132c       0xa6 obj/fw_mls_api.o
                0x000000000000132c                _ldt_TL_data
                0x00000000000013c2                _ld_ResponseTransmittedMultipleHandler
                0x00000000000013c6                _ld_RequestMultipleHandler
                0x00000000000013ca                _ld_FunctionalRequestMultipleHandler
                0x00000000000013ce                _ld_ErrorDetectedMultipleHandler
 COMMON         0x00000000000013d2        0x2 obj/lin_core.o
                0x00000000000013d2                _dummy
 COMMON         0x00000000000013d4        0x2 obj/lin_core_sl.o
                0x00000000000013d4                _s_ifcStatus
 COMMON         0x00000000000013d6        0x7 obj/lin_signals.o
                0x00000000000013d6                _l_sl1_flags
                0x00000000000013da                _node_configuration
 *fill*         0x00000000000013dd        0x1 
 COMMON         0x00000000000013de       0x34 obj/main.o
                0x00000000000013de                _u16_Duty_Dec_Range
                0x00000000000013e0                _g_u16PositionSensor
                0x00000000000013e2                _l_u32SupplyVoltageFilter
                0x00000000000013e6                _u16_CONV_Target_Angle
                0x00000000000013e8                _g_i16ChipTemperature
                0x00000000000013ea                _u16_Target_Angle_UCL
                0x00000000000013ec                _u16_Angle_Gap
                0x00000000000013ee                _u16_IGN_PORT_CNT
                0x00000000000013f0                _u16_LIN_Target_Angle
                0x00000000000013f2                _g_u16VDDA
                0x00000000000013f4                _SetDuty
                0x00000000000013f6                _g_u16IO3
                0x00000000000013f8                _l_u32ChipTemperatureFilter
                0x00000000000013fc                _Angle_Hysteresis
                0x00000000000013fe                _u16_Target_Angle_LCL
                0x0000000000001400                _e8ErrorOverTemperature
                0x0000000000001402                _g_u16MotorSupplyVoltage
                0x0000000000001404                _g_i16ShuntCurrent
                0x0000000000001406                _g_u16VBGD
                0x0000000000001408                _e8ErrorVoltage
                0x000000000000140a                _g_u16SupplyVoltage
                0x000000000000140c                _e8ShortOcc
                0x000000000000140e                _l_u32MotorSupplyVoltageFilter
 COMMON         0x0000000000001412       0x1c obj/swtimer.o
                0x0000000000001412                _g_pTimer
                0x000000000000142e                . = ALIGN (0x2)
                0x000000000000142e                __bss_end = .
                0x0000000000000384                __bss_size = (__bss_end - __bss_start)

.noinit         0x000000000000142e        0x0 load address 0x0000000000005bbe
                0x000000000000142e                . = ALIGN (0x2)
                0x000000000000142e                __noinit_start = .
 *(.noinit)
                0x000000000000142e                . = ALIGN (0x2)
                0x000000000000142e                __noinit_end = .
                0x0000000000000000                __noinit_size = (__noinit_end - __noinit_start)
                0x0000000000000080                PROVIDE (__min_stack_size, 0x80)

.fw_stack       0x000000000000142e        0x0 load address 0x0000000000005bbe
                0x000000000000142e                PROVIDE (_fw_stack, .)

.bist_stat
 *(.bist_stat.bistHeader)
 *(.bist_stat.bistResetInfo)
 *(.bist_stat.bistError)
 *(.bist_stat.bistErrorInfo)

.flash_control
 *(.flash_control)
                0x00000000000017ea                PROVIDE (__stack_end, (ORIGIN (ram) + 0x7ea))
                0x0000000000001800                PROVIDE (__ram_end, (((ORIGIN (ram) + 0x7ea) + 0xe) + 0x8))

.flash_data     0x0000000000005bbe     0x477a
 *(.rodata)
 .rodata        0x0000000000005bbe        0x4 obj/lin22.o
 .rodata        0x0000000000005bc2      0x100 c:/program files/melexis/melexis ide/plugins/com.melexis.mlxide.compiler.3.1.115.11_1.0.0.202206141129/compiler/bin/../lib/gcc/mlx16/7.5.0/mlx16-fx\libgcc.a(_clz.o)
                0x0000000000005bc2                ___clz_tab
 *(.rodata.*)
 .rodata.AppValveTask
                0x0000000000005cc2       0x2a obj/AppValve.o
 .rodata.adc_raw_update
                0x0000000000005cec       0x10 obj/app_sensor.o
 .rodata.IGNconversionMap
                0x0000000000005cfc       0x20 obj/app_sensor.o
 .rodata.app_motor_task
                0x0000000000005d1c       0x10 obj/dcm_driver.o
 .rodata.eeprom_defaults
                0x0000000000005d2c       0x18 obj/eeprom_app.o
                0x0000000000005d2c                _eeprom_defaults
 .rodata.ld_DiagRequest
                0x0000000000005d44        0xe obj/lin_cfg_sl.o
 .rodata.l_ErrorDetected
                0x0000000000005d52       0x1a obj/lin_core_sl.o
 .rodata.__VPC_Fwv_Resp_flags_mask_3909
                0x0000000000005d6c        0x4 obj/lin_signals.o
 .rodata.__VPC_Fwv_Ctrl_flags_mask_3985
                0x0000000000005d70        0x4 obj/lin_signals.o
 .rodata.__Debug_Frame_flags_mask_3952
                0x0000000000005d74        0x4 obj/lin_signals.o
 .rodata.frameList
                0x0000000000005d78        0xc obj/lin_signals.o
                0x0000000000005d78                _frameList
 .rodata.l_sl1_VPC_Fwv_Ctrl_frame
                0x0000000000005d84        0x2 obj/lin_signals.o
 .rodata.l_sl1_Debug_Frame_frame
                0x0000000000005d86        0x2 obj/lin_signals.o
 .rodata.l_sl1_VPC_Fwv_Resp_frame
                0x0000000000005d88        0x2 obj/lin_signals.o
 .rodata.ml_ProductID
                0x0000000000005d8a        0x6 obj/lin_signals.o
                0x0000000000005d8a                _ml_ProductID
 .rodata.ml_InitialNAD
                0x0000000000005d90        0x1 obj/lin_signals.o
                0x0000000000005d90                _ml_InitialNAD
 *fill*         0x0000000000005d91        0x1 
 .rodata.ATAN_LUT
                0x0000000000005d92      0x204 ../../code/camcu_platform/config/../lib/81332B02\libmath.a(atan.o)
                0x0000000000005d92                _ATAN_LUT
 *(.rodata._mlx_*)
                0x0000000000005f96                . = ALIGN (0x2)
 *(.text)
 .text          0x0000000000005f96       0x44 c:/program files/melexis/melexis ide/plugins/com.melexis.mlxide.compiler.3.1.115.11_1.0.0.202206141129/compiler/bin/../lib/gcc/mlx16/7.5.0/mlx16-fx\libgcc.a(_gt_sf.o)
                0x0000000000005f96                ___gtsf2
 .text          0x0000000000005fda       0x6e c:/program files/melexis/melexis ide/plugins/com.melexis.mlxide.compiler.3.1.115.11_1.0.0.202206141129/compiler/bin/../lib/gcc/mlx16/7.5.0/mlx16-fx\libgcc.a(_si_to_sf.o)
                0x0000000000005fda                ___floatsisf
 .text          0x0000000000006048       0x60 c:/program files/melexis/melexis ide/plugins/com.melexis.mlxide.compiler.3.1.115.11_1.0.0.202206141129/compiler/bin/../lib/gcc/mlx16/7.5.0/mlx16-fx\libgcc.a(_clzsi2.o)
                0x0000000000006048                ___clzsi2
 .text          0x00000000000060a8      0x160 c:/program files/melexis/melexis ide/plugins/com.melexis.mlxide.compiler.3.1.115.11_1.0.0.202206141129/compiler/bin/../lib/gcc/mlx16/7.5.0/mlx16-fx\libgcc.a(_pack_sf.o)
                0x00000000000060a8                ___pack_f
 .text          0x0000000000006208       0xbc c:/program files/melexis/melexis ide/plugins/com.melexis.mlxide.compiler.3.1.115.11_1.0.0.202206141129/compiler/bin/../lib/gcc/mlx16/7.5.0/mlx16-fx\libgcc.a(_unpack_sf.o)
                0x0000000000006208                ___unpack_f
 .text          0x00000000000062c4       0x8c c:/program files/melexis/melexis ide/plugins/com.melexis.mlxide.compiler.3.1.115.11_1.0.0.202206141129/compiler/bin/../lib/gcc/mlx16/7.5.0/mlx16-fx\libgcc.a(_fpcmp_parts_sf.o)
                0x00000000000062c4                ___fpcmp_parts_f
 *(.text.*)
 .text.AppLinInit
                0x0000000000006350        0xc obj/AppLin.o
                0x0000000000006350                _AppLinInit
 .text.AppLinTask
                0x000000000000635c       0x76 obj/AppLin.o
                0x000000000000635c                _AppLinTask
 .text.AppLinSleepEnter
                0x00000000000063d2        0xa obj/AppLin.o
                0x00000000000063d2                _AppLinSleepEnter
 .text.check_protect_mode
                0x00000000000063dc       0x4e obj/AppValve.o
 .text.ValveFaultReset
                0x000000000000642a       0x44 obj/AppValve.o
 .text.ValveErrorReset
                0x000000000000646e       0x34 obj/AppValve.o
 .text.check_fault_mode
                0x00000000000064a2       0x2e obj/AppValve.o
 .text.ValveLinGetCommand
                0x00000000000064d0       0x5c obj/AppValve.o
                0x00000000000064d0                _ValveLinGetCommand
 .text.ValveLinUpdateSignals
                0x000000000000652c      0x190 obj/AppValve.o
                0x000000000000652c                _ValveLinUpdateSignals
 .text.get_valve_mode
                0x00000000000066bc        0x6 obj/AppValve.o
                0x00000000000066bc                _get_valve_mode
 .text.get_valve_voltage
                0x00000000000066c2        0x6 obj/AppValve.o
                0x00000000000066c2                _get_valve_voltage
 .text.get_valve_temperature
                0x00000000000066c8        0x6 obj/AppValve.o
                0x00000000000066c8                _get_valve_temperature
 .text.get_valve_motCurrent
                0x00000000000066ce        0x6 obj/AppValve.o
                0x00000000000066ce                _get_valve_motCurrent
 .text.AppValveInit
                0x00000000000066d4      0x126 obj/AppValve.o
                0x00000000000066d4                _AppValveInit
 .text.AppValveTask
                0x00000000000067fa      0xd1a obj/AppValve.o
                0x00000000000067fa                _AppValveTask
 .text.adc_DoSoftwareTrigger
                0x0000000000007514       0x56 obj/adc.o
 .text.adc_Init
                0x000000000000756a       0x4e obj/adc.o
                0x000000000000756a                _adc_Init
 .text.adc_Start
                0x00000000000075b8       0x5e obj/adc.o
                0x00000000000075b8                _adc_Start
 .text.adc_Stop
                0x0000000000007616       0x42 obj/adc.o
                0x0000000000007616                _adc_Stop
 .text.adc_Shunt_OffsetCalib
                0x0000000000007658       0xb0 obj/adc.o
                0x0000000000007658                _adc_Shunt_OffsetCalib
 .text.adc_ConvertToCurrent
                0x0000000000007708        0x2 obj/adc.o
                0x0000000000007708                _adc_ConvertToCurrent
 .text.adc_ConvertToTchip
                0x000000000000770a        0x4 obj/adc.o
                0x000000000000770a                _adc_ConvertToTchip
 .text.adc_ConvertToVsupply
                0x000000000000770e        0xa obj/adc.o
                0x000000000000770e                _adc_ConvertToVsupply
 .text.adc_ConvertToVoltage
                0x0000000000007718        0x8 obj/adc.o
                0x0000000000007718                _adc_ConvertToVoltage
 .text._ADC_SAR_INT
                0x0000000000007720       0x20 obj/adc.o
                0x0000000000007720                __ADC_SAR_INT
 .text.gmr_calibration_setup
                0x0000000000007740       0x40 obj/app_sensor.o
                0x0000000000007740                _gmr_calibration_setup
 .text.sensor_init
                0x0000000000007780       0x4e obj/app_sensor.o
                0x0000000000007780                _sensor_init
 .text.set_gmr_sensor_offset
                0x00000000000077ce        0x6 obj/app_sensor.o
                0x00000000000077ce                _set_gmr_sensor_offset
 .text.get_gmr_sensor_offset
                0x00000000000077d4        0x6 obj/app_sensor.o
                0x00000000000077d4                _get_gmr_sensor_offset
 .text.adc_raw_update
                0x00000000000077da       0xaa obj/app_sensor.o
                0x00000000000077da                _adc_raw_update
 .text.get_conv_vdda_voltage
                0x0000000000007884        0x6 obj/app_sensor.o
                0x0000000000007884                _get_conv_vdda_voltage
 .text.get_conv_supply_voltage
                0x000000000000788a        0x6 obj/app_sensor.o
                0x000000000000788a                _get_conv_supply_voltage
 .text.get_conv_ic_temperature
                0x0000000000007890       0x16 obj/app_sensor.o
                0x0000000000007890                _get_conv_ic_temperature
 .text.get_conv_mot_current
                0x00000000000078a6        0x6 obj/app_sensor.o
                0x00000000000078a6                _get_conv_mot_current
 .text.get_gmr_sine_output
                0x00000000000078ac       0x24 obj/app_sensor.o
                0x00000000000078ac                _get_gmr_sine_output
 .text.get_gmr_cosine_output
                0x00000000000078d0       0x24 obj/app_sensor.o
                0x00000000000078d0                _get_gmr_cosine_output
 .text.calculate_gmr_angle
                0x00000000000078f4       0xb0 obj/app_sensor.o
                0x00000000000078f4                _calculate_gmr_angle
 .text.forward_linear_Interpolation
                0x00000000000079a4       0x24 obj/app_sensor.o
                0x00000000000079a4                _forward_linear_Interpolation
 .text.get_conv_ignition_voltage
                0x00000000000079c8       0x64 obj/app_sensor.o
                0x00000000000079c8                _get_conv_ignition_voltage
 .text.conv_clock_error_init
                0x0000000000007a2c       0x28 obj/conv_clock_error.o
                0x0000000000007a2c                _conv_clock_error_init
 .text.conv_clock_error_speed
                0x0000000000007a54       0x2c obj/conv_clock_error.o
                0x0000000000007a54                _conv_clock_error_speed
 .text.conv_clock_error_correct_period
                0x0000000000007a80        0xc obj/conv_clock_error.o
                0x0000000000007a80                _conv_clock_error_correct_period
 .text.conv_high_voltage_init
                0x0000000000007a8c       0x32 obj/conv_high_voltage.o
                0x0000000000007a8c                _conv_high_voltage_init
 .text.conv_high_voltage
                0x0000000000007abe       0x22 obj/conv_high_voltage.o
                0x0000000000007abe                _conv_high_voltage
 .text.conv_high_voltage_with_tcorrection
                0x0000000000007ae0       0x4c obj/conv_high_voltage.o
                0x0000000000007ae0                _conv_high_voltage_with_tcorrection
 .text.conv_low_voltage_init
                0x0000000000007b2c       0x32 obj/conv_low_voltage.o
                0x0000000000007b2c                _conv_low_voltage_init
 .text.conv_motor_voltage_init
                0x0000000000007b5e       0x6c obj/conv_motor_voltage.o
                0x0000000000007b5e                _conv_motor_voltage_init
 .text.conv_shunt_current_init
                0x0000000000007bca       0x2a obj/conv_shunt_current.o
                0x0000000000007bca                _conv_shunt_current_init
 .text.conv_shunt_current
                0x0000000000007bf4       0x22 obj/conv_shunt_current.o
                0x0000000000007bf4                _conv_shunt_current
 .text.Mot_dirChange_check
                0x0000000000007c16       0x18 obj/dcm_driver.o
 .text.MotRequestHardStop
                0x0000000000007c2e        0x8 obj/dcm_driver.o
                0x0000000000007c2e                _MotRequestHardStop
 .text.MotClearHardStop
                0x0000000000007c36        0x8 obj/dcm_driver.o
                0x0000000000007c36                _MotClearHardStop
 .text.MotSetTargetPosition
                0x0000000000007c3e       0x2e obj/dcm_driver.o
                0x0000000000007c3e                _MotSetTargetPosition
 .text.MotGetCurrentPosition
                0x0000000000007c6c        0x6 obj/dcm_driver.o
                0x0000000000007c6c                _MotGetCurrentPosition
 .text.MotClearStallFlag
                0x0000000000007c72       0x1e obj/dcm_driver.o
                0x0000000000007c72                _MotClearStallFlag
 .text.MotClearFaultFlag
                0x0000000000007c90       0x46 obj/dcm_driver.o
                0x0000000000007c90                _MotClearFaultFlag
 .text.MotGetState
                0x0000000000007cd6        0x6 obj/dcm_driver.o
                0x0000000000007cd6                _MotGetState
 .text.MotGetStallState
                0x0000000000007cdc        0x8 obj/dcm_driver.o
                0x0000000000007cdc                _MotGetStallState
 .text.MotGetFaultState
                0x0000000000007ce4        0x8 obj/dcm_driver.o
                0x0000000000007ce4                _MotGetFaultState
 .text.SensorGetState
                0x0000000000007cec        0x8 obj/dcm_driver.o
                0x0000000000007cec                _SensorGetState
 .text.app_mot_init
                0x0000000000007cf4       0xc8 obj/dcm_driver.o
                0x0000000000007cf4                _app_mot_init
 .text.app_motor_task
                0x0000000000007dbc      0x420 obj/dcm_driver.o
                0x0000000000007dbc                _app_motor_task
 .text.motor_ctrl_handler
                0x00000000000081dc      0x30a obj/dcm_driver.o
                0x00000000000081dc                _motor_ctrl_handler
 .text.diagnostic_Init
                0x00000000000084e6       0x60 obj/diagnostic.o
                0x00000000000084e6                _diagnostic_Init
 .text.diagnostic_Start
                0x0000000000008546       0x48 obj/diagnostic.o
                0x0000000000008546                _diagnostic_Start
 .text.DIAGNOSTIC_Reset
                0x000000000000858e       0x2a obj/diagnostic.o
                0x000000000000858e                _DIAGNOSTIC_Reset
 .text.diagnostic_IsUVPending
                0x00000000000085b8        0xa obj/diagnostic.o
                0x00000000000085b8                _diagnostic_IsUVPending
 .text.diagnostic_IsOVPending
                0x00000000000085c2        0xa obj/diagnostic.o
                0x00000000000085c2                _diagnostic_IsOVPending
 .text.diagnostic_IsOVTPending
                0x00000000000085cc        0x8 obj/diagnostic.o
                0x00000000000085cc                _diagnostic_IsOVTPending
 .text.diagnostic_IsVDSPending
                0x00000000000085d4       0x1a obj/diagnostic.o
                0x00000000000085d4                _diagnostic_IsVDSPending
 .text._UV_VS_INT
                0x00000000000085ee       0x22 obj/diagnostic.o
                0x00000000000085ee                __UV_VS_INT
 .text._OV_VS_INT
                0x0000000000008610       0x12 obj/diagnostic.o
                0x0000000000008610                __OV_VS_INT
 .text._OVT_INT
                0x0000000000008622       0x12 obj/diagnostic.o
                0x0000000000008622                __OVT_INT
 .text._OVC_INT
                0x0000000000008634       0x12 obj/diagnostic.o
                0x0000000000008634                __OVC_INT
 .text.eeprom_Init
                0x0000000000008646       0x1e obj/eeprom_app.o
                0x0000000000008646                _eeprom_Init
 .text.eeprom_ReadLINconfig
                0x0000000000008664       0x10 obj/eeprom_app.o
                0x0000000000008664                _eeprom_ReadLINconfig
 .text.eeprom_ReadValveConfig
                0x0000000000008674       0x58 obj/eeprom_app.o
                0x0000000000008674                _eeprom_ReadValveConfig
 .text.eeprom_WriteValveConfig
                0x00000000000086cc       0x2a obj/eeprom_app.o
                0x00000000000086cc                _eeprom_WriteValveConfig
 .text.eeprom_ReadDiagConfig
                0x00000000000086f6       0x58 obj/eeprom_app.o
                0x00000000000086f6                _eeprom_ReadDiagConfig
 .text.eeprom_WriteDiagConfig
                0x000000000000874e       0x2a obj/eeprom_app.o
                0x000000000000874e                _eeprom_WriteDiagConfig
 .text.valve_gmr_write
                0x0000000000008778       0x1c obj/eeprom_app.o
                0x0000000000008778                _valve_gmr_write
 .text.valve_diag_write
                0x0000000000008794       0x1c obj/eeprom_app.o
                0x0000000000008794                _valve_diag_write
 .text.FILTER_AVG_CalcMovAvg
                0x00000000000087b0       0x58 obj/filter_avg.o
                0x00000000000087b0                _FILTER_AVG_CalcMovAvg
 .text.Generic_INT
                0x0000000000008808        0xc obj/fw_ints.o
                0x0000000000008808                __OV_LS_VDS2_INT
                0x0000000000008808                __OV_HS_VDS0_INT
                0x0000000000008808                __CTIMER1_3_INT
                0x0000000000008808                __AWD_ATT_INT
                0x0000000000008808                __IO_IN6_INT
                0x0000000000008808                __IO_IN3_INT
                0x0000000000008808                __OV_HS_VDS1_INT
                0x0000000000008808                __IO_IN7_INT
                0x0000000000008808                __PPM_TX_INT
                0x0000000000008808                __PWM_SLAVE1_CMP_INT
                0x0000000000008808                __EE_COMPLETE_INT
                0x0000000000008808                __SPI_TE_INT
                0x0000000000008808                __CTIMER0_2_INT
                0x0000000000008808                __PWM_MASTER2_CMP_INT
                0x0000000000008808                __IO_IN5_INT
                0x0000000000008808                __TX_TIMEOUT_INT
                0x0000000000008808                __CTIMER1_2_INT
                0x0000000000008808                __IO_IN2_INT
                0x0000000000008808                _Generic_INT
                0x0000000000008808                __PPM_ERR_INT
                0x0000000000008808                __UART_TS_INT
                0x0000000000008808                __MLX16_EXCHG_INT
                0x0000000000008808                __OV_HS_VDS3_INT
                0x0000000000008808                __COLIN_OWNMTX_INT
                0x0000000000008808                __IO_IN1_INT
                0x0000000000008808                __OV_LS_VDS0_INT
                0x0000000000008808                __ANA_PLL_ERR_INT
                0x0000000000008808                __PWM_MASTER2_END_INT
                0x0000000000008808                __UART_RR_INT
                0x0000000000008808                __PWM_SLAVE3_CMP_INT
                0x0000000000008808                __CTIMER0_1_INT
                0x0000000000008808                __OV_LS_VDS1_INT
                0x0000000000008808                __UDTF_INT
                0x0000000000008808                __SPI_ER_INT
                0x0000000000008808                __MLX16_SOFT_INT
                0x0000000000008808                __UART_TR_INT
                0x0000000000008808                __UV_VDDAF_INT
                0x0000000000008808                __PPM_RX_INT
                0x0000000000008808                __UART_TE_INT
                0x0000000000008808                __OV_LS_VDS3_INT
                0x0000000000008808                __IWD_ATT_INT
                0x0000000000008808                __PWM_MASTER1_CMP_INT
                0x0000000000008808                __FL_COMPLETE_INT
                0x0000000000008808                __SPI_RF_INT
                0x0000000000008808                __EE_ECC_INT
                0x0000000000008808                __UV_VDDA_INT
                0x0000000000008808                __UART_RS_INT
                0x0000000000008808                __IO_IN4_INT
                0x0000000000008808                __MLX16_DMAERR_INT
                0x0000000000008808                __OV_HS_VDS2_INT
                0x0000000000008808                __CTIMER1_1_INT
                0x0000000000008808                __I2C_GLOBAL_RESET_INT
                0x0000000000008808                __UART_SB_INT
                0x0000000000008808                __IO_IN0_INT
                0x0000000000008808                __FL_ECC_INT
 .text.fw_mls_ErrorDetected
                0x0000000000008814       0x50 obj/fw_mls_api.o
                0x0000000000008814                _fw_mls_ErrorDetected
 .text.fw_mls_Init
                0x0000000000008864       0x6c obj/fw_mls_api.o
                0x0000000000008864                _fw_mls_Init
 .text.fw_mls_TransportLayerInit
                0x00000000000088d0       0x28 obj/fw_mls_api.o
                0x00000000000088d0                _fw_mls_TransportLayerInit
 .text._COLIN_LIN_INT
                0x00000000000088f8       0x18 obj/fw_mls_api.o
                0x00000000000088f8                __COLIN_LIN_INT
 .text.fw_lepm_ResponseTransmitted
                0x0000000000008910       0x16 obj/fw_mls_device_id.o
 .text.fw_lepm_Init
                0x0000000000008926       0x20 obj/fw_mls_device_id.o
                0x0000000000008926                _fw_lepm_Init
 .text.fw_lepm_Request
                0x0000000000008946      0x14a obj/fw_mls_device_id.o
 .text.fw_low_level_init
                0x0000000000008a90       0xdc obj/fw_premain.o
                0x0000000000008a90                _fw_low_level_init
 .text.fw_premain
                0x0000000000008b6c       0x1a obj/fw_premain.o
                0x0000000000008b6c                _fw_premain
 .text.fw_ram_section_init
                0x0000000000008b86       0x8a obj/fw_ram_section_init.o
                0x0000000000008b86                _fw_ram_section_init
 .text.fw_start
                0x0000000000008c10       0x3a obj/fw_startup.o
                0x0000000000008c10                _fw_start
 .text.ld_AppDiagRequest
                0x0000000000008c4a        0x4 obj/lin22.o
                0x0000000000008c4a                _ld_AppDiagRequest
 .text.lin22_Init
                0x0000000000008c4e       0x92 obj/lin22.o
                0x0000000000008c4e                _lin22_Init
 .text.lin22_CheckColin
                0x0000000000008ce0       0x56 obj/lin22.o
                0x0000000000008ce0                _lin22_CheckColin
 .text.lin22_BackgroundHandler
                0x0000000000008d36       0x3c obj/lin22.o
                0x0000000000008d36                _lin22_BackgroundHandler
 .text.ld_serial_number_callout
                0x0000000000008d72       0x18 obj/lin22.o
                0x0000000000008d72                _ld_serial_number_callout
 .text.fw_lepm_ApplicationStop
                0x0000000000008d8a       0x10 obj/lin22.o
                0x0000000000008d8a                _fw_lepm_ApplicationStop
 .text.lin22_GotoSleep
                0x0000000000008d9a       0x5a obj/lin22.o
                0x0000000000008d9a                _lin22_GotoSleep
 .text.ld_read_by_id_callout
                0x0000000000008df4       0x94 obj/lin22.o
                0x0000000000008df4                _ld_read_by_id_callout
 .text.l_ifc_sleep_entered_callout
                0x0000000000008e88       0x18 obj/lin22.o
                0x0000000000008e88                _l_ifc_sleep_entered_callout
 .text.l_mls_Init
                0x0000000000008ea0       0x90 obj/lin_api_config.o
                0x0000000000008ea0                _l_mls_Init
 .text.l_sys_irq_disable
                0x0000000000008f30       0x10 obj/lin_api_config.o
                0x0000000000008f30                _l_sys_irq_disable
 .text.l_sys_irq_restore
                0x0000000000008f40        0x4 obj/lin_api_config.o
                0x0000000000008f40                _l_sys_irq_restore
 .text.ld_DiagInit
                0x0000000000008f44       0x12 obj/lin_cfg_sl.o
                0x0000000000008f44                _ld_DiagInit
 .text.ld_GetLINNAD
                0x0000000000008f56       0x18 obj/lin_cfg_sl.o
                0x0000000000008f56                _ld_GetLINNAD
 .text.isSupplierIdValid
                0x0000000000008f6e       0x1e obj/lin_cfg_sl.o
                0x0000000000008f6e                _isSupplierIdValid
 .text.isFunctionIdValid
                0x0000000000008f8c       0x1c obj/lin_cfg_sl.o
                0x0000000000008f8c                _isFunctionIdValid
 .text.ld_DiagRequest
                0x0000000000008fa8      0x22e obj/lin_cfg_sl.o
                0x0000000000008fa8                _ld_DiagRequest
 .text.l_sys_init
                0x00000000000091d6        0x4 obj/lin_core.o
                0x00000000000091d6                _l_sys_init
 .text.l_SetFlagsMask
                0x00000000000091da       0x2c obj/lin_core.o
                0x00000000000091da                _l_SetFlagsMask
 .text.l_ifcUpdateOverrun
                0x0000000000009206       0x22 obj/lin_core_sl.o
 .text.l_ifc_init_sl1
                0x0000000000009228       0x14 obj/lin_core_sl.o
                0x0000000000009228                _l_ifc_init_sl1
 .text.l_ifc_read_status_sl1
                0x000000000000923c       0x3c obj/lin_core_sl.o
                0x000000000000923c                _l_ifc_read_status_sl1
 .text.l_LinSleepMode
                0x0000000000009278       0x1a obj/lin_core_sl.o
                0x0000000000009278                _l_LinSleepMode
 .text.l_MessageReceived
                0x0000000000009292       0x3e obj/lin_core_sl.o
                0x0000000000009292                _l_MessageReceived
 .text.l_DataRequest
                0x00000000000092d0       0x38 obj/lin_core_sl.o
                0x00000000000092d0                _l_DataRequest
 .text.l_ErrorDetected
                0x0000000000009308       0x3e obj/lin_core_sl.o
                0x0000000000009308                _l_ErrorDetected
 .text.l_DataTransmitted
                0x0000000000009346       0x36 obj/lin_core_sl.o
                0x0000000000009346                _l_DataTransmitted
 .text.l_AutoAddressingStep
                0x000000000000937c        0x2 obj/lin_core_sl.o
                0x000000000000937c                _l_AutoAddressingStep
 .text.l_FillBufferSlave
                0x000000000000937e       0x2c obj/lin_core_sl.o
                0x000000000000937e                _l_FillBufferSlave
 .text.l_sl1_Debug_Frame_handler
                0x00000000000093aa       0x5c obj/lin_signals.o
 .text.l_sl1_VPC_Fwv_Ctrl_handler
                0x0000000000009406       0x5e obj/lin_signals.o
 .text.l_sl1_VPC_Fwv_Resp_handler
                0x0000000000009464      0x1d2 obj/lin_signals.o
 .text.globalVariableInit
                0x0000000000009636       0x82 obj/main.o
                0x0000000000009636                _globalVariableInit
 .text.system_timer_ISR
                0x00000000000096b8       0x36 obj/main.o
                0x00000000000096b8                _system_timer_ISR
 .text.startup.main
                0x00000000000096ee      0x138 obj/main.o
                0x00000000000096ee                _main
 .text.EVENT_UnderVoltage
                0x0000000000009826        0x8 obj/main.o
                0x0000000000009826                _EVENT_UnderVoltage
 .text.EVENT_GotoSleep
                0x000000000000982e        0x8 obj/main.o
                0x000000000000982e                _EVENT_GotoSleep
 .text.protection_Init
                0x0000000000009836       0x38 obj/protection.o
                0x0000000000009836                _protection_Init
 .text.protection_CheckShort
                0x000000000000986e       0x10 obj/protection.o
                0x000000000000986e                _protection_CheckShort
 .text.protection_CheckSupplyMotorVoltage
                0x000000000000987e       0x6a obj/protection.o
                0x000000000000987e                _protection_CheckSupplyMotorVoltage
 .text.protection_CheckChipTemperature
                0x00000000000098e8       0x38 obj/protection.o
                0x00000000000098e8                _protection_CheckChipTemperature
 .text.protection_Task
                0x0000000000009920        0x6 obj/protection.o
                0x0000000000009920                _protection_Task
 .text.pwm_Init
                0x0000000000009926      0x132 obj/pwm.o
                0x0000000000009926                _pwm_Init
 .text.pwm_SetDutyCycle
                0x0000000000009a58       0x42 obj/pwm.o
                0x0000000000009a58                _pwm_SetDutyCycle
 .text.pwm_Start
                0x0000000000009a9a       0x12 obj/pwm.o
                0x0000000000009a9a                _pwm_Start
 .text.pwm_Stop
                0x0000000000009aac       0x20 obj/pwm.o
                0x0000000000009aac                _pwm_Stop
 .text.pwm_Off  0x0000000000009acc       0x20 obj/pwm.o
                0x0000000000009acc                _pwm_Off
 .text.pwm_Disable
                0x0000000000009aec       0x54 obj/pwm.o
                0x0000000000009aec                _pwm_Disable
 .text._PWM_MASTER1_END_INT
                0x0000000000009b40       0x2c obj/pwm.o
                0x0000000000009b40                __PWM_MASTER1_END_INT
 .text._PWM_SLAVE2_CMP_INT
                0x0000000000009b6c        0x4 obj/pwm.o
                0x0000000000009b6c                __PWM_SLAVE2_CMP_INT
 .text._DIAG_INT
                0x0000000000009b70       0x24 obj/pwm.o
                0x0000000000009b70                __DIAG_INT
 .text.swtimer_init
                0x0000000000009b94       0x3a obj/swtimer.o
                0x0000000000009b94                _swtimer_init
 .text.swtimer_deinit
                0x0000000000009bce       0x18 obj/swtimer.o
                0x0000000000009bce                _swtimer_deinit
 .text.swtimer_calibrate
                0x0000000000009be6       0x18 obj/swtimer.o
                0x0000000000009be6                _swtimer_calibrate
 .text.swtimer_register
                0x0000000000009bfe       0x2c obj/swtimer.o
                0x0000000000009bfe                _swtimer_register
 .text.swtimer_start
                0x0000000000009c2a       0x22 obj/swtimer.o
                0x0000000000009c2a                _swtimer_start
 .text.swtimer_isTriggered
                0x0000000000009c4c       0x30 obj/swtimer.o
                0x0000000000009c4c                _swtimer_isTriggered
 .text.swtimer_enterIrq
                0x0000000000009c7c        0x2 obj/swtimer.o
                0x0000000000009c7c                _swtimer_enterIrq
 .text.swtimer_exitIrq
                0x0000000000009c7e        0x2 obj/swtimer.o
                0x0000000000009c7e                _swtimer_exitIrq
 .text.swtimer_triggerIrq
                0x0000000000009c80        0x2 obj/swtimer.o
                0x0000000000009c80                _swtimer_triggerIrq
 .text._STIMER_INT
                0x0000000000009c82       0x8c obj/swtimer.o
                0x0000000000009c82                __STIMER_INT
 .text._CTIMER0_3_INT
                0x0000000000009d0e       0x16 obj/systimer.o
                0x0000000000009d0e                __CTIMER0_3_INT
 .text.ctimer0_init
                0x0000000000009d24       0x34 obj/systimer.o
                0x0000000000009d24                _ctimer0_init
 .text.ctimer0_start
                0x0000000000009d58        0xe obj/systimer.o
                0x0000000000009d58                _ctimer0_start
 .text.uart_Start
                0x0000000000009d66       0x20 obj/uart_plot.o
 .text.uart_Stop
                0x0000000000009d86       0x16 obj/uart_plot.o
 .text._UDFR_INT
                0x0000000000009d9c       0xb2 obj/uart_plot.o
                0x0000000000009d9c                __UDFR_INT
 .text._updateCRC8
                0x0000000000009e4e       0x1c obj/unirom.o
 .text.unirom_Init
                0x0000000000009e6a        0x2 obj/unirom.o
                0x0000000000009e6a                _unirom_Init
 .text.unirom_LoadUserConfig
                0x0000000000009e6c       0x5e obj/unirom.o
                0x0000000000009e6c                _unirom_LoadUserConfig
 .text.unirom_StoreUserConfig
                0x0000000000009eca       0x5c obj/unirom.o
                0x0000000000009eca                _unirom_StoreUserConfig
 .text.unirom_ResetUserConfig
                0x0000000000009f26       0x2a obj/unirom.o
                0x0000000000009f26                _unirom_ResetUserConfig
 .text.unirom_StorePage
                0x0000000000009f50       0x48 obj/unirom.o
                0x0000000000009f50                _unirom_StorePage
 .text.unirom_WritePage
                0x0000000000009f98       0x74 obj/unirom.o
                0x0000000000009f98                _unirom_WritePage
 .text.unirom_ReadPage
                0x000000000000a00c       0x4e obj/unirom.o
                0x000000000000a00c                _unirom_ReadPage
 .text.CalculateTemperature3pLinearize
                0x000000000000a05a       0x46 ../../code/camcu_platform/config/../lib/81332B02\lib81332.a(lib_calculate_temperature.o)
                0x000000000000a05a                _CalculateTemperature3pLinearize
 .text.SetSystemSpeed
                0x000000000000a0a0       0x82 ../../code/camcu_platform/config/../lib/81332B02\lib81332.a(lib_clock.o)
                0x000000000000a0a0                _SetSystemSpeed
 .text.EEPROM_BusyChecks
                0x000000000000a122       0x24 ../../code/camcu_platform/config/../lib/81332B02\lib81332.a(eeprom_drv.o)
 .text.EEPROM_WriteWord64_blocking
                0x000000000000a146       0x2e ../../code/camcu_platform/config/../lib/81332B02\lib81332.a(eeprom_drv.o)
                0x000000000000a146                _EEPROM_WriteWord64_blocking
 .text.VERSION_getFwAppVersion
                0x000000000000a174        0xe ../../code/camcu_platform/config/../lib/81332B02\lib81332.a(fwversion.o)
                0x000000000000a174                _VERSION_getFwAppVersion
 .text.atan2_helper
                0x000000000000a182       0x28 ../../code/camcu_platform/config/../lib/81332B02\libmath.a(atan.o)
 .text.atan2_lookup
                0x000000000000a1aa       0x30 ../../code/camcu_platform/config/../lib/81332B02\libmath.a(atan.o)
 .text.atan2I16
                0x000000000000a1da       0x32 ../../code/camcu_platform/config/../lib/81332B02\libmath.a(atan.o)
                0x000000000000a1da                _atan2I16
 .text.ldt_Tick
                0x000000000000a20c       0x6c ../../code/camcu_platform/config/../lib/81332B02\libmlx_lin_api.a(mls_diag_transfer.o)
                0x000000000000a20c                _ldt_Tick
 .text.ml_GetProtectedID
                0x000000000000a278        0x8 ../../code/camcu_platform/config/../lib/81332B02\libmlx_lin_api.a(mls_handler.o)
                0x000000000000a278                _ml_GetProtectedID
 .text.ml_SetFixedBaudRate
                0x000000000000a280       0x56 ../../code/camcu_platform/config/../lib/81332B02\libmlx_lin_api.a(mls_init.o)
                0x000000000000a280                _ml_SetFixedBaudRate
 .text.ml_Init  0x000000000000a2d6       0x62 ../../code/camcu_platform/config/../lib/81332B02\libmlx_lin_api.a(mls_init.o)
                0x000000000000a2d6                _ml_Init
                0x000000000000a338                . = ALIGN (0x2)
                0x000000000000a338                _etext = .

.flash_fill     0x000000000000a338     0x34ac
                0x000000000000a338                . = ALIGN (0x2)
 FILL mask 0xff07
                0x000000000000d7e2                . = ALIGN (((ABSOLUTE (ORIGIN (flash)) + 0x7da4) - 0x2))
 *fill*         0x000000000000a338     0x34aa ff07
                0x000000000000d7e2        0x2 SHORT 0x7ff

.fw_product_id  0x000000000000d7e4        0x8
                0x000000000000d7e4                __fw_product_id_start = .
 *(.fw_product_id)
 .fw_product_id
                0x000000000000d7e4        0x8 obj/app_descriptor.o

.fw_app_version
                0x000000000000d7ec        0x4
                0x000000000000d7ec                __fw_app_version_start = .
 *(.fw_app_version)
 .fw_app_version
                0x000000000000d7ec        0x4 obj/app_descriptor.o

.fw_pltf_version
                0x000000000000d7f0        0x4
                0x000000000000d7f0                __fw_pltf_version_start = .
 *(.fw_pltf_version)
 .fw_pltf_version
                0x000000000000d7f0        0x4 ../../code/camcu_platform/config/../lib/81332B02\lib81332.a(fwversion.o)
                0x000000000000d7f0                _PLTF_VERSION_Info

.fw_prot_key    0x000000000000d7f4        0x8
                0x000000000000d7f4                __fw_prot_key_start = .
 *(.fw_prot_key)
 .fw_prot_key   0x000000000000d7f4        0x8 obj/app_descriptor.o

.flash_crc      0x000000000000d7fc        0x4
 *(.FL_SIGN)
                0x000000000000d7fc        0x4 LONG 0x90d8f3 FL_SIGN

.ep             0x0000000000000840        0x0
                0x0000000000000840                . = ALIGN (0x2)
                0x0000000000000840                __bss_ep_start = .
 *(.ep)
                0x0000000000000840                . = ALIGN (0x2)
                0x0000000000000840                __bss_ep_end = .

.ep.data        0x0000000000000840        0x0
                0x0000000000000840                . = ALIGN (0x2)
                0x0000000000000840                __data_ep_start = .
 *(.ep.data)
                0x0000000000000840                . = ALIGN (0x2)
                0x0000000000000840                __data_ep_end = .

.eeprom_patch
 *(.eeprom_patch)

.eeprom_cal
 *(.eeprom_cal)

.eeprom_cs
 *(.eeprom_cs)

.eeprom_reg
 *(.eeprom_reg)
                0x0000000000000001                ASSERT ((__stack_end > (_fw_stack + __min_stack_size)), Error: Not enough room left for stack)
                0x0000000000000002                _RST_CTRL = 0x2
                0x0000000000000006                _FUNC_TEST = 0x6
                0x000000000000000a                _MUPET = 0xa
                0x000000000000000e                _AWD = 0xe
                0x0000000000000010                _ROM_SHELL = 0x10
                0x0000000000000014                _ROM_BIST = 0x14
                0x000000000000002a                _RAM_SHELL = 0x2a
                0x000000000000002c                _IWD = 0x2c
                0x0000000000000030                _STIMER = 0x30
                0x0000000000000034                _PORT_ADC_CTRL = 0x34
                0x0000000000000036                _PORT_TEST_ADC = 0x36
                0x0000000000000038                _MLX16 = 0x38
                0x0000000000000100                _VERSION = 0x100
                0x0000000000000104                _RAM_BIST = 0x104
                0x0000000000000118                _CTIMER0 = 0x118
                0x0000000000000120                _CTIMER1 = 0x120
                0x0000000000000128                _SPI = 0x128
                0x0000000000000134                _PWM_MASTER1 = 0x134
                0x000000000000013e                _PWM_SLAVE1 = 0x13e
                0x0000000000000148                _PWM_SLAVE2 = 0x148
                0x0000000000000152                _PWM_SLAVE3 = 0x152
                0x000000000000015c                _PWM_MASTER2 = 0x15c
                0x0000000000000166                _ADC_SAR = 0x166
                0x0000000000000176                _EEPROM_FLASH = 0x176
                0x00000000000001ac                _COLIN = 0x1ac
                0x00000000000001c6                _PORT_LIN_XKEY = 0x1c6
                0x00000000000001c8                _TRIM_BG_BIAS = 0x1c8
                0x00000000000001ca                _TRIM_VDD = 0x1ca
                0x00000000000001cc                _TRIM_RCO32M = 0x1cc
                0x00000000000001ce                _TRIM_RCO1M = 0x1ce
                0x00000000000001d0                _PORT_SSCM_CONF = 0x1d0
                0x00000000000001d2                _PORT_STEP_CONF = 0x1d2
                0x00000000000001d4                _PORT_SUPP_TEST = 0x1d4
                0x00000000000001d6                _PORT_SUPP2_TEST = 0x1d6
                0x00000000000001d8                _PORT_LIN_TEST = 0x1d8
                0x00000000000001da                _PORT_SPARE_TEST = 0x1da
                0x00000000000001dc                _PORT_ADC_TRIM_TEST = 0x1dc
                0x00000000000001de                _PORT_IO_IN = 0x1de
                0x00000000000001e0                _PORT_SUPP_IN = 0x1e0
                0x00000000000001e2                _PORT_MISC_IN = 0x1e2
                0x00000000000001e4                _PORT_SUPP_CFG = 0x1e4
                0x00000000000001e6                _PORT_IO_OUT_SOFT = 0x1e6
                0x00000000000001e8                _PORT_IO_OUT_EN = 0x1e8
                0x00000000000001ea                _PORT_IO_CFG0 = 0x1ea
                0x00000000000001ec                _PORT_LIN_XTX_CFG = 0x1ec
                0x00000000000001ee                _PORT_TIMER_CFG = 0x1ee
                0x00000000000001f0                _PORT_COMM_CFG = 0x1f0
                0x00000000000001f2                _PORT_MISC_OUT = 0x1f2
                0x00000000000001f4                _PORT_MISC2_OUT = 0x1f4
                0x00000000000001f6                _PORT_STOPMD_CTRL = 0x1f6
                0x00000000000001f8                _PORT_STOPMD_CFG = 0x1f8
                0x00000000000001fa                _PORT_DIS_GTSM = 0x1fa
                0x00000000000001fc                _PORT_LIN_XCFG = 0x1fc
                0x00000000000001fe                _PORT_LIN_XCFG_VALID = 0x1fe
                0x0000000000000200                _PORT_CLOCK_CTRL = 0x200
                0x0000000000000202                _PORT_LINAA1 = 0x202
                0x0000000000000204                _PORT_LINAA2 = 0x204
                0x0000000000000206                _TRIM_MISC = 0x206
                0x0000000000000208                _TRIM1_DRV = 0x208
                0x000000000000020a                _TRIM2_DRV = 0x20a
                0x000000000000020c                _TRIM3_DRV = 0x20c
                0x000000000000020e                _PORT_DRV_OUT = 0x20e
                0x0000000000000210                _PORT_DRV1_TEST = 0x210
                0x0000000000000212                _PORT_DRV2_TEST = 0x212
                0x0000000000000214                _PORT_DRV3_TEST = 0x214
                0x0000000000000216                _PORT_DRV_CTRL = 0x216
                0x0000000000000218                _PORT_DRV1_PROT = 0x218
                0x000000000000021a                _PORT_DRV2_PROT = 0x21a
                0x000000000000021c                _PORT_DRV_IN = 0x21c
                0x000000000000021e                _PORT_DIAG_IN = 0x21e
                0x0000000000000220                _PORT_I2C_CONF = 0x220
                0x0000000000000222                _PORT_I2C_DMA_OFFSET = 0x222
                0x0000000000000224                _PORT_I2C_READ_OFFSET = 0x224
                0x0000000000000226                _PORT_MISC_TEST = 0x226
                0x0000000000000228                _PORT_PPM_RBASE_ADD = 0x228
                0x000000000000022a                _PORT_PPM_TBASE_ADD = 0x22a
                0x000000000000022c                _PORT_PPM_TIMEOUT = 0x22c
                0x000000000000022e                _PORT_PPM_CTRL = 0x22e
                0x0000000000000230                _PORT_PPM_BUF_DATA = 0x230
                0x0000000000000232                _PPM_TIMER = 0x232
                0x0000000000000234                _PORT_PPM_FLAGS = 0x234
                0x0000000000000236                _PORT_SSCM2_CONF = 0x236
                0x0000000000000238                _PORT_STEP2_CONF = 0x238
                0x000000000000023a                _PORT_IO_ENABLE = 0x23a
                0x000000000000023c                _PORT_IO_CFG1 = 0x23c
                0x000000000000023e                _PORT_TIMER_CFG1 = 0x23e
                0x0000000000000240                _PORT_IO_TRIG_EDGE_CFG = 0x240
                0x0000000000000242                _PORT_COMM_CFG1 = 0x242
                0x0000000000000244                _PORT_UDMA_RDA = 0x244
                0x0000000000000246                _PORT_UDMA_RDB = 0x246
                0x0000000000000248                _PORT_UDMA_TX = 0x248
                0x000000000000024a                _PORT_UDMA_SIZE = 0x24a
                0x000000000000024c                _PORT_UDMA_CTRL = 0x24c
                0x000000000000024e                _UART = 0x24e
                0x000000000000025a                _PORT_UDMA_STATUS = 0x25a
                0x000000000000025c                _PORT_TX_TIMEOUT = 0x25c
                0x0000000000005048                OPCODE_CALL_FP_ENTER_SYSTEM_MODE_KEEP_PRIO = 0x5048
                0x0000000000005049                OPCODE_CALL_FP_ENTER_SYSTEM_MODE_PRIO_0 = 0x5049
                0x0000000000002650                _EEPROM_WriteWord64_non_blocking = 0x2650
                0x00000000000028c4                _FLASH_Write = 0x28c4
                0x00000000000029ee                _MLX16_RESET = 0x29ee
                0x0000000000002a06                _MLX16_RESET_SIGNED = 0x2a06
                0x0000000000002a10                _ResetRstatFlag = 0x2a10
                0x00000000000029dc                _SetRstatFlag = 0x29dc
                0x0000000000002988                _WaitForEEandFL = 0x2988
                0x0000000000003646                __fatal = 0x3646
                0x0000000000000012                __lin_ram_size = 0x12
                0x00000000000017fc                _bistError = 0x17fc
                0x00000000000017fe                _bistErrorInfo = 0x17fe
                0x00000000000017f8                _bistHeader = 0x17f8
                0x00000000000017fa                _bistResetInfo = 0x17fa
                0x0000000000002486                _bist_PrepareFlashBist = 0x2486
                0x00000000000024b6                _bist_RunFlashBist = 0x24b6
                0x00000000000017ea                _bl_table = 0x17ea
                0x0000000000002250                _delay_cycles = 0x2250
                0x00000000000017f6                _flash_state = 0x17f6
                0x000000000000240e                _ldt_mem_Copy = 0x240e
                0x0000000000002426                _ldt_mem_Set = 0x2426
                0x0000000000002456                _ml_CleanDrvInt = 0x2456
                0x000000000000244e                _ml_GetSLVCMD = 0x244e
                0x000000000000245e                _ml_ResetDrv = 0x245e
                0x0000000000002448                _ml_SetSLVCMD = 0x2448
                0x0000000000002442                _ml_SetSLVIT = 0x2442
                0x000000000000247a                _ml_StartDrv = 0x247a
                0x0000000000002a22                _nvram_CalcCRC = 0x2a22
                0x000000000000360c                _ppm_ll_Deinit = 0x360c
                0x00000000000035da                _ppm_ll_Start = 0x35da
                0x000000000000362e                _ppm_ll_StartTx = 0x362e
                0x00000000000035f6                _ppm_ll_Stop = 0x35f6
                0x000000000000363c                _ppm_ll_TimeoutState = 0x363c
                0x00000000000017da                _rf_empty_func = 0x17da
                0x0000000000000e42                _LinCmnd = 0xe42
                0x0000000000000e48                _LinFrame = 0xe48
                0x0000000000000e44                _LinMess = 0xe44
                0x0000000000000e46                _LinMess2 = 0xe46
                0x0000000000000e47                _LinProtectedID = 0xe47
                0x0000000000000e40                _LinResp = 0xe40
                0x0000000000001000                _ldtMe = 0x1000
                0x0000000000003aee                _ldt_ErrorDetected = 0x3aee
                0x0000000000003f60                _ldt_Init = 0x3f60
                0x000000000000400a                _ldt_SubscribeMultipleHandler = 0x400a
                0x00000000000022e4                _ml_AssignFrameToMessageID = 0x22e4
                0x00000000000022fa                _ml_AutoAddressingConfig = 0x22fa
                0x00000000000023dc                _ml_Connect = 0x23dc
                0x000000000000233c                _ml_ContFrame = 0x233c
                0x0000000000001004                _ml_Data = 0x1004
                0x00000000000022ce                _ml_DataReady = 0x22ce
                0x00000000000022ea                _ml_DisableMessage = 0x22ea
                0x0000000000002334                _ml_DiscardFrame = 0x2334
                0x00000000000023e0                _ml_Disconnect = 0x23e0
                0x00000000000022ee                _ml_EnableMessage = 0x22ee
                0x0000000000004042                _ml_GetLINFrameDataBuffer = 0x4042
                0x0000000000004048                _ml_GetLinEventData = 0x4048
                0x00000000000023a6                _ml_GetState = 0x23a6
                0x00000000000023ec                _ml_GotoSleep = 0x23ec
                0x0000000000004172                _ml_InitLinEventTable = 0x4172
                0x0000000000004176                _ml_InitLinModule = 0x4176
                0x00000000000041a0                _ml_LinInterruptHandler = 0x41a0
                0x0000000000002378                _ml_LinModuleVersion = 0x2378
                0x0000000000004084                _ml_ProcessLinEvent = 0x4084
                0x00000000000022c0                _ml_ReleaseBuffer = 0x22c0
                0x00000000000022c4                _ml_ReleaseBufferProg = 0x22c4
                0x00000000000023d4                _ml_SetAutoBaudRateMode = 0x23d4
                0x00000000000023c8                _ml_SetBaudRate = 0x23c8
                0x000000000000403c                _ml_SetDFFlag = 0x403c
                0x000000000000402e                _ml_SetLinStatus = 0x402e
                0x000000000000231a                _ml_SetOptions = 0x231a
                0x000000000000230a                _ml_SetSleepTo = 0x230a
                0x0000000000002302                _ml_SetSlewRate = 0x2302
                0x00000000000023e4                _ml_SwitchToFast = 0x23e4
                0x00000000000023e8                _ml_WakeUp = 0x23e8
                0x0000000000001002                _plinEventTable = 0x1002
OUTPUT(81332-xLW-BMx-202_Woory_4Way_Valve.elf elf32-mlx16-fx)

.debug_frame    0x0000000000000000     0x21c4
 .debug_frame   0x0000000000000000       0x54 obj/AppLin.o
 .debug_frame   0x0000000000000054      0x158 obj/AppValve.o
 .debug_frame   0x00000000000001ac      0x190 obj/adc.o
 .debug_frame   0x000000000000033c      0x1f0 obj/app_sensor.o
 .debug_frame   0x000000000000052c       0x44 obj/conv_clock_error.o
 .debug_frame   0x0000000000000570       0x4c obj/conv_high_voltage.o
 .debug_frame   0x00000000000005bc       0x4c obj/conv_low_voltage.o
 .debug_frame   0x0000000000000608       0x8c obj/conv_motor_voltage.o
 .debug_frame   0x0000000000000694       0x4c obj/conv_shunt_current.o
 .debug_frame   0x00000000000006e0      0x194 obj/dcm_driver.o
 .debug_frame   0x0000000000000874      0x174 obj/diagnostic.o
 .debug_frame   0x00000000000009e8      0x15c obj/eeprom_app.o
 .debug_frame   0x0000000000000b44       0x44 obj/filter_avg.o
 .debug_frame   0x0000000000000b88       0x5c obj/fw_ints.o
 .debug_frame   0x0000000000000be4       0xc4 obj/fw_mls_api.o
 .debug_frame   0x0000000000000ca8       0x74 obj/fw_mls_device_id.o
 .debug_frame   0x0000000000000d1c       0x54 obj/fw_premain.o
 .debug_frame   0x0000000000000d70       0x24 obj/fw_ram_section_init.o
 .debug_frame   0x0000000000000d94       0x24 obj/fw_startup.o
 .debug_frame   0x0000000000000db8      0x15c obj/lin22.o
 .debug_frame   0x0000000000000f14       0x70 obj/lin_api_config.o
 .debug_frame   0x0000000000000f84      0x108 obj/lin_cfg_sl.o
 .debug_frame   0x000000000000108c       0x54 obj/lin_core.o
 .debug_frame   0x00000000000010e0       0xf4 obj/lin_core_sl.o
 .debug_frame   0x00000000000011d4       0xb4 obj/lin_signals.o
 .debug_frame   0x0000000000001288       0xa0 obj/main.o
 .debug_frame   0x0000000000001328       0xc0 obj/protection.o
 .debug_frame   0x00000000000013e8      0x12c obj/pwm.o
 .debug_frame   0x0000000000001514      0x148 obj/swtimer.o
 .debug_frame   0x000000000000165c       0x98 obj/systimer.o
 .debug_frame   0x00000000000016f4      0x108 obj/uart_plot.o
 .debug_frame   0x00000000000017fc      0x164 obj/unirom.o
 .debug_frame   0x0000000000001960       0x24 ../../code/camcu_platform/config/../lib/81332B02\lib81332.a(lib_calculate_temperature.o)
 .debug_frame   0x0000000000001984       0x64 ../../code/camcu_platform/config/../lib/81332B02\lib81332.a(lib_clock.o)
 .debug_frame   0x00000000000019e8      0x210 ../../code/camcu_platform/config/../lib/81332B02\lib81332.a(eeprom_drv.o)
 .debug_frame   0x0000000000001bf8       0x34 ../../code/camcu_platform/config/../lib/81332B02\lib81332.a(fwversion.o)
 .debug_frame   0x0000000000001c2c       0x64 ../../code/camcu_platform/config/../lib/81332B02\libmath.a(atan.o)
 .debug_frame   0x0000000000001c90      0x278 ../../code/camcu_platform/config/../lib/81332B02\libmlx_lin_api.a(mls_diag_transfer.o)
 .debug_frame   0x0000000000001f08       0x84 ../../code/camcu_platform/config/../lib/81332B02\libmlx_lin_api.a(mls_handler.o)
 .debug_frame   0x0000000000001f8c      0x10c ../../code/camcu_platform/config/../lib/81332B02\libmlx_lin_api.a(mls_init.o)
 .debug_frame   0x0000000000002098       0x50 c:/program files/melexis/melexis ide/plugins/com.melexis.mlxide.compiler.3.1.115.11_1.0.0.202206141129/compiler/bin/../lib/gcc/mlx16/7.5.0/mlx16-fx\libgcc.a(_gt_sf.o)
 .debug_frame   0x00000000000020e8       0x2c c:/program files/melexis/melexis ide/plugins/com.melexis.mlxide.compiler.3.1.115.11_1.0.0.202206141129/compiler/bin/../lib/gcc/mlx16/7.5.0/mlx16-fx\libgcc.a(_si_to_sf.o)
 .debug_frame   0x0000000000002114       0x2c c:/program files/melexis/melexis ide/plugins/com.melexis.mlxide.compiler.3.1.115.11_1.0.0.202206141129/compiler/bin/../lib/gcc/mlx16/7.5.0/mlx16-fx\libgcc.a(_clzsi2.o)
 .debug_frame   0x0000000000002140       0x2c c:/program files/melexis/melexis ide/plugins/com.melexis.mlxide.compiler.3.1.115.11_1.0.0.202206141129/compiler/bin/../lib/gcc/mlx16/7.5.0/mlx16-fx\libgcc.a(_pack_sf.o)
 .debug_frame   0x000000000000216c       0x2c c:/program files/melexis/melexis ide/plugins/com.melexis.mlxide.compiler.3.1.115.11_1.0.0.202206141129/compiler/bin/../lib/gcc/mlx16/7.5.0/mlx16-fx\libgcc.a(_unpack_sf.o)
 .debug_frame   0x0000000000002198       0x2c c:/program files/melexis/melexis ide/plugins/com.melexis.mlxide.compiler.3.1.115.11_1.0.0.202206141129/compiler/bin/../lib/gcc/mlx16/7.5.0/mlx16-fx\libgcc.a(_fpcmp_parts_sf.o)

.debug_info     0x0000000000000000    0x7c959
 .debug_info    0x0000000000000000     0x33e1 obj/AppLin.o
 .debug_info    0x00000000000033e1     0x4b03 obj/AppValve.o
 .debug_info    0x0000000000007ee4     0x39c5 obj/adc.o
 .debug_info    0x000000000000b8a9      0x124 obj/app_descriptor.o
 .debug_info    0x000000000000b9cd     0x9357 obj/app_sensor.o
 .debug_info    0x0000000000014d24      0x84e obj/conv_clock_error.o
 .debug_info    0x0000000000015572      0xa34 obj/conv_high_voltage.o
 .debug_info    0x0000000000015fa6      0xa34 obj/conv_low_voltage.o
 .debug_info    0x00000000000169da      0xcc5 obj/conv_motor_voltage.o
 .debug_info    0x000000000001769f      0x9d1 obj/conv_shunt_current.o
 .debug_info    0x0000000000018070     0x8c80 obj/dcm_driver.o
 .debug_info    0x0000000000020cf0     0x2fd4 obj/diagnostic.o
 .debug_info    0x0000000000023cc4     0x347f obj/eeprom_app.o
 .debug_info    0x0000000000027143      0x1db obj/filter_avg.o
 .debug_info    0x000000000002731e     0x25f1 obj/fw_ints.o
 .debug_info    0x000000000002990f     0x2e9c obj/fw_mls_api.o
 .debug_info    0x000000000002c7ab     0x3ad8 obj/fw_mls_device_id.o
 .debug_info    0x0000000000030283     0x3440 obj/fw_premain.o
 .debug_info    0x00000000000336c3      0x159 obj/fw_ram_section_init.o
 .debug_info    0x000000000003381c     0x2722 obj/fw_startup.o
 .debug_info    0x0000000000035f3e     0x4464 obj/lin22.o
 .debug_info    0x000000000003a3a2     0x32d9 obj/lin_api_config.o
 .debug_info    0x000000000003d67b     0x3821 obj/lin_cfg_sl.o
 .debug_info    0x0000000000040e9c     0x3210 obj/lin_core.o
 .debug_info    0x00000000000440ac     0x36ce obj/lin_core_sl.o
 .debug_info    0x000000000004777a     0x3a8c obj/lin_signals.o
 .debug_info    0x000000000004b206     0x9f03 obj/main.o
 .debug_info    0x0000000000055109     0x27bc obj/protection.o
 .debug_info    0x00000000000578c5     0x344d obj/pwm.o
 .debug_info    0x000000000005ad12     0x2a77 obj/swtimer.o
 .debug_info    0x000000000005d789     0x2795 obj/systimer.o
 .debug_info    0x000000000005ff1e     0x880c obj/uart_plot.o
 .debug_info    0x000000000006872a     0x30cb obj/unirom.o
 .debug_info    0x000000000006b7f5      0x763 ../../code/camcu_platform/config/../lib/81332B02\lib81332.a(lib_calculate_temperature.o)
 .debug_info    0x000000000006bf58     0x2d86 ../../code/camcu_platform/config/../lib/81332B02\lib81332.a(lib_clock.o)
 .debug_info    0x000000000006ecde     0x325f ../../code/camcu_platform/config/../lib/81332B02\lib81332.a(eeprom_drv.o)
 .debug_info    0x0000000000071f3d      0x186 ../../code/camcu_platform/config/../lib/81332B02\lib81332.a(fwversion.o)
 .debug_info    0x00000000000720c3      0x228 ../../code/camcu_platform/config/../lib/81332B02\libmath.a(atan.o)
 .debug_info    0x00000000000722eb     0x3351 ../../code/camcu_platform/config/../lib/81332B02\libmlx_lin_api.a(mls_diag_transfer.o)
 .debug_info    0x000000000007563c     0x2eb5 ../../code/camcu_platform/config/../lib/81332B02\libmlx_lin_api.a(mls_handler.o)
 .debug_info    0x00000000000784f1     0x3097 ../../code/camcu_platform/config/../lib/81332B02\libmlx_lin_api.a(mls_init.o)
 .debug_info    0x000000000007b588      0x342 c:/program files/melexis/melexis ide/plugins/com.melexis.mlxide.compiler.3.1.115.11_1.0.0.202206141129/compiler/bin/../lib/gcc/mlx16/7.5.0/mlx16-fx\libgcc.a(_gt_sf.o)
 .debug_info    0x000000000007b8ca      0x2e8 c:/program files/melexis/melexis ide/plugins/com.melexis.mlxide.compiler.3.1.115.11_1.0.0.202206141129/compiler/bin/../lib/gcc/mlx16/7.5.0/mlx16-fx\libgcc.a(_si_to_sf.o)
 .debug_info    0x000000000007bbb2      0x267 c:/program files/melexis/melexis ide/plugins/com.melexis.mlxide.compiler.3.1.115.11_1.0.0.202206141129/compiler/bin/../lib/gcc/mlx16/7.5.0/mlx16-fx\libgcc.a(_clzsi2.o)
 .debug_info    0x000000000007be19      0x38f c:/program files/melexis/melexis ide/plugins/com.melexis.mlxide.compiler.3.1.115.11_1.0.0.202206141129/compiler/bin/../lib/gcc/mlx16/7.5.0/mlx16-fx\libgcc.a(_pack_sf.o)
 .debug_info    0x000000000007c1a8      0x314 c:/program files/melexis/melexis ide/plugins/com.melexis.mlxide.compiler.3.1.115.11_1.0.0.202206141129/compiler/bin/../lib/gcc/mlx16/7.5.0/mlx16-fx\libgcc.a(_unpack_sf.o)
 .debug_info    0x000000000007c4bc      0x2a5 c:/program files/melexis/melexis ide/plugins/com.melexis.mlxide.compiler.3.1.115.11_1.0.0.202206141129/compiler/bin/../lib/gcc/mlx16/7.5.0/mlx16-fx\libgcc.a(_fpcmp_parts_sf.o)
 .debug_info    0x000000000007c761      0x1f8 c:/program files/melexis/melexis ide/plugins/com.melexis.mlxide.compiler.3.1.115.11_1.0.0.202206141129/compiler/bin/../lib/gcc/mlx16/7.5.0/mlx16-fx\libgcc.a(_clz.o)

.debug_abbrev   0x0000000000000000     0x6513
 .debug_abbrev  0x0000000000000000      0x25d obj/AppLin.o
 .debug_abbrev  0x000000000000025d      0x3cd obj/AppValve.o
 .debug_abbrev  0x000000000000062a      0x355 obj/adc.o
 .debug_abbrev  0x000000000000097f       0x61 obj/app_descriptor.o
 .debug_abbrev  0x00000000000009e0      0x459 obj/app_sensor.o
 .debug_abbrev  0x0000000000000e39      0x13a obj/conv_clock_error.o
 .debug_abbrev  0x0000000000000f73      0x18a obj/conv_high_voltage.o
 .debug_abbrev  0x00000000000010fd      0x18a obj/conv_low_voltage.o
 .debug_abbrev  0x0000000000001287      0x1d5 obj/conv_motor_voltage.o
 .debug_abbrev  0x000000000000145c      0x199 obj/conv_shunt_current.o
 .debug_abbrev  0x00000000000015f5      0x3bb obj/dcm_driver.o
 .debug_abbrev  0x00000000000019b0      0x1d6 obj/diagnostic.o
 .debug_abbrev  0x0000000000001b86      0x268 obj/eeprom_app.o
 .debug_abbrev  0x0000000000001dee      0x100 obj/filter_avg.o
 .debug_abbrev  0x0000000000001eee      0x101 obj/fw_ints.o
 .debug_abbrev  0x0000000000001fef      0x1e5 obj/fw_mls_api.o
 .debug_abbrev  0x00000000000021d4      0x29c obj/fw_mls_device_id.o
 .debug_abbrev  0x0000000000002470      0x1e2 obj/fw_premain.o
 .debug_abbrev  0x0000000000002652       0x75 obj/fw_ram_section_init.o
 .debug_abbrev  0x00000000000026c7      0x11c obj/fw_startup.o
 .debug_abbrev  0x00000000000027e3      0x426 obj/lin22.o
 .debug_abbrev  0x0000000000002c09      0x268 obj/lin_api_config.o
 .debug_abbrev  0x0000000000002e71      0x3a6 obj/lin_cfg_sl.o
 .debug_abbrev  0x0000000000003217      0x275 obj/lin_core.o
 .debug_abbrev  0x000000000000348c      0x348 obj/lin_core_sl.o
 .debug_abbrev  0x00000000000037d4      0x2a3 obj/lin_signals.o
 .debug_abbrev  0x0000000000003a77      0x3aa obj/main.o
 .debug_abbrev  0x0000000000003e21       0xeb obj/protection.o
 .debug_abbrev  0x0000000000003f0c      0x283 obj/pwm.o
 .debug_abbrev  0x000000000000418f      0x245 obj/swtimer.o
 .debug_abbrev  0x00000000000043d4      0x19a obj/systimer.o
 .debug_abbrev  0x000000000000456e      0x403 obj/uart_plot.o
 .debug_abbrev  0x0000000000004971      0x20f obj/unirom.o
 .debug_abbrev  0x0000000000004b80      0x122 ../../code/camcu_platform/config/../lib/81332B02\lib81332.a(lib_calculate_temperature.o)
 .debug_abbrev  0x0000000000004ca2      0x193 ../../code/camcu_platform/config/../lib/81332B02\lib81332.a(lib_clock.o)
 .debug_abbrev  0x0000000000004e35      0x26e ../../code/camcu_platform/config/../lib/81332B02\lib81332.a(eeprom_drv.o)
 .debug_abbrev  0x00000000000050a3       0xe7 ../../code/camcu_platform/config/../lib/81332B02\lib81332.a(fwversion.o)
 .debug_abbrev  0x000000000000518a      0x128 ../../code/camcu_platform/config/../lib/81332B02\libmath.a(atan.o)
 .debug_abbrev  0x00000000000052b2      0x3bb ../../code/camcu_platform/config/../lib/81332B02\libmlx_lin_api.a(mls_diag_transfer.o)
 .debug_abbrev  0x000000000000566d      0x29d ../../code/camcu_platform/config/../lib/81332B02\libmlx_lin_api.a(mls_handler.o)
 .debug_abbrev  0x000000000000590a      0x2df ../../code/camcu_platform/config/../lib/81332B02\libmlx_lin_api.a(mls_init.o)
 .debug_abbrev  0x0000000000005be9      0x17e c:/program files/melexis/melexis ide/plugins/com.melexis.mlxide.compiler.3.1.115.11_1.0.0.202206141129/compiler/bin/../lib/gcc/mlx16/7.5.0/mlx16-fx\libgcc.a(_gt_sf.o)
 .debug_abbrev  0x0000000000005d67      0x17e c:/program files/melexis/melexis ide/plugins/com.melexis.mlxide.compiler.3.1.115.11_1.0.0.202206141129/compiler/bin/../lib/gcc/mlx16/7.5.0/mlx16-fx\libgcc.a(_si_to_sf.o)
 .debug_abbrev  0x0000000000005ee5      0x104 c:/program files/melexis/melexis ide/plugins/com.melexis.mlxide.compiler.3.1.115.11_1.0.0.202206141129/compiler/bin/../lib/gcc/mlx16/7.5.0/mlx16-fx\libgcc.a(_clzsi2.o)
 .debug_abbrev  0x0000000000005fe9      0x1b6 c:/program files/melexis/melexis ide/plugins/com.melexis.mlxide.compiler.3.1.115.11_1.0.0.202206141129/compiler/bin/../lib/gcc/mlx16/7.5.0/mlx16-fx\libgcc.a(_pack_sf.o)
 .debug_abbrev  0x000000000000619f      0x178 c:/program files/melexis/melexis ide/plugins/com.melexis.mlxide.compiler.3.1.115.11_1.0.0.202206141129/compiler/bin/../lib/gcc/mlx16/7.5.0/mlx16-fx\libgcc.a(_unpack_sf.o)
 .debug_abbrev  0x0000000000006317      0x149 c:/program files/melexis/melexis ide/plugins/com.melexis.mlxide.compiler.3.1.115.11_1.0.0.202206141129/compiler/bin/../lib/gcc/mlx16/7.5.0/mlx16-fx\libgcc.a(_fpcmp_parts_sf.o)
 .debug_abbrev  0x0000000000006460       0xb3 c:/program files/melexis/melexis ide/plugins/com.melexis.mlxide.compiler.3.1.115.11_1.0.0.202206141129/compiler/bin/../lib/gcc/mlx16/7.5.0/mlx16-fx\libgcc.a(_clz.o)

.debug_loc      0x0000000000000000     0x53cb
 .debug_loc     0x0000000000000000       0x3c obj/AppLin.o
 .debug_loc     0x000000000000003c      0x577 obj/AppValve.o
 .debug_loc     0x00000000000005b3      0x2b2 obj/adc.o
 .debug_loc     0x0000000000000865      0x428 obj/app_sensor.o
 .debug_loc     0x0000000000000c8d       0x88 obj/conv_clock_error.o
 .debug_loc     0x0000000000000d15      0x132 obj/conv_high_voltage.o
 .debug_loc     0x0000000000000e47      0x132 obj/conv_low_voltage.o
 .debug_loc     0x0000000000000f79      0x2d9 obj/conv_motor_voltage.o
 .debug_loc     0x0000000000001252      0x132 obj/conv_shunt_current.o
 .debug_loc     0x0000000000001384      0x272 obj/dcm_driver.o
 .debug_loc     0x00000000000015f6      0x131 obj/diagnostic.o
 .debug_loc     0x0000000000001727      0x2fc obj/eeprom_app.o
 .debug_loc     0x0000000000001a23      0x110 obj/filter_avg.o
 .debug_loc     0x0000000000001b33       0x57 obj/fw_ints.o
 .debug_loc     0x0000000000001b8a      0x12d obj/fw_mls_api.o
 .debug_loc     0x0000000000001cb7      0x132 obj/fw_mls_device_id.o
 .debug_loc     0x0000000000001de9       0x58 obj/fw_premain.o
 .debug_loc     0x0000000000001e41       0x13 obj/fw_ram_section_init.o
 .debug_loc     0x0000000000001e54      0x26e obj/lin22.o
 .debug_loc     0x00000000000020c2       0x82 obj/lin_api_config.o
 .debug_loc     0x0000000000002144      0x358 obj/lin_cfg_sl.o
 .debug_loc     0x000000000000249c       0x91 obj/lin_core.o
 .debug_loc     0x000000000000252d      0x1bb obj/lin_core_sl.o
 .debug_loc     0x00000000000026e8      0x4f4 obj/lin_signals.o
 .debug_loc     0x0000000000002bdc       0x7a obj/main.o
 .debug_loc     0x0000000000002c56       0x5c obj/protection.o
 .debug_loc     0x0000000000002cb2      0x1d0 obj/pwm.o
 .debug_loc     0x0000000000002e82      0x29d obj/swtimer.o
 .debug_loc     0x000000000000311f       0xad obj/systimer.o
 .debug_loc     0x00000000000031cc      0x1f7 obj/uart_plot.o
 .debug_loc     0x00000000000033c3      0x3f7 obj/unirom.o
 .debug_loc     0x00000000000037ba       0x7d ../../code/camcu_platform/config/../lib/81332B02\lib81332.a(lib_calculate_temperature.o)
 .debug_loc     0x0000000000003837      0x226 ../../code/camcu_platform/config/../lib/81332B02\lib81332.a(lib_clock.o)
 .debug_loc     0x0000000000003a5d      0x8a7 ../../code/camcu_platform/config/../lib/81332B02\lib81332.a(eeprom_drv.o)
 .debug_loc     0x0000000000004304       0x4c ../../code/camcu_platform/config/../lib/81332B02\lib81332.a(fwversion.o)
 .debug_loc     0x0000000000004350      0x142 ../../code/camcu_platform/config/../lib/81332B02\libmath.a(atan.o)
 .debug_loc     0x0000000000004492      0x589 ../../code/camcu_platform/config/../lib/81332B02\libmlx_lin_api.a(mls_diag_transfer.o)
 .debug_loc     0x0000000000004a1b       0xd7 ../../code/camcu_platform/config/../lib/81332B02\libmlx_lin_api.a(mls_handler.o)
 .debug_loc     0x0000000000004af2      0x399 ../../code/camcu_platform/config/../lib/81332B02\libmlx_lin_api.a(mls_init.o)
 .debug_loc     0x0000000000004e8b       0x8c c:/program files/melexis/melexis ide/plugins/com.melexis.mlxide.compiler.3.1.115.11_1.0.0.202206141129/compiler/bin/../lib/gcc/mlx16/7.5.0/mlx16-fx\libgcc.a(_gt_sf.o)
 .debug_loc     0x0000000000004f17       0xbb c:/program files/melexis/melexis ide/plugins/com.melexis.mlxide.compiler.3.1.115.11_1.0.0.202206141129/compiler/bin/../lib/gcc/mlx16/7.5.0/mlx16-fx\libgcc.a(_si_to_sf.o)
 .debug_loc     0x0000000000004fd2      0x13c c:/program files/melexis/melexis ide/plugins/com.melexis.mlxide.compiler.3.1.115.11_1.0.0.202206141129/compiler/bin/../lib/gcc/mlx16/7.5.0/mlx16-fx\libgcc.a(_clzsi2.o)
 .debug_loc     0x000000000000510e      0x1a8 c:/program files/melexis/melexis ide/plugins/com.melexis.mlxide.compiler.3.1.115.11_1.0.0.202206141129/compiler/bin/../lib/gcc/mlx16/7.5.0/mlx16-fx\libgcc.a(_pack_sf.o)
 .debug_loc     0x00000000000052b6       0xcb c:/program files/melexis/melexis ide/plugins/com.melexis.mlxide.compiler.3.1.115.11_1.0.0.202206141129/compiler/bin/../lib/gcc/mlx16/7.5.0/mlx16-fx\libgcc.a(_unpack_sf.o)
 .debug_loc     0x0000000000005381       0x4a c:/program files/melexis/melexis ide/plugins/com.melexis.mlxide.compiler.3.1.115.11_1.0.0.202206141129/compiler/bin/../lib/gcc/mlx16/7.5.0/mlx16-fx\libgcc.a(_fpcmp_parts_sf.o)

.debug_aranges  0x0000000000000000      0xd80
 .debug_aranges
                0x0000000000000000       0x38 obj/AppLin.o
 .debug_aranges
                0x0000000000000038       0x88 obj/AppValve.o
 .debug_aranges
                0x00000000000000c0       0x88 obj/adc.o
 .debug_aranges
                0x0000000000000148       0x18 obj/app_descriptor.o
 .debug_aranges
                0x0000000000000160       0xa0 obj/app_sensor.o
 .debug_aranges
                0x0000000000000200       0x30 obj/conv_clock_error.o
 .debug_aranges
                0x0000000000000230       0x30 obj/conv_high_voltage.o
 .debug_aranges
                0x0000000000000260       0x30 obj/conv_low_voltage.o
 .debug_aranges
                0x0000000000000290       0x48 obj/conv_motor_voltage.o
 .debug_aranges
                0x00000000000002d8       0x30 obj/conv_shunt_current.o
 .debug_aranges
                0x0000000000000308       0xc0 obj/dcm_driver.o
 .debug_aranges
                0x00000000000003c8       0x88 obj/diagnostic.o
 .debug_aranges
                0x0000000000000450       0x68 obj/eeprom_app.o
 .debug_aranges
                0x00000000000004b8       0x28 obj/filter_avg.o
 .debug_aranges
                0x00000000000004e0       0x28 obj/fw_ints.o
 .debug_aranges
                0x0000000000000508       0x38 obj/fw_mls_api.o
 .debug_aranges
                0x0000000000000540       0x38 obj/fw_mls_device_id.o
 .debug_aranges
                0x0000000000000578       0x28 obj/fw_premain.o
 .debug_aranges
                0x00000000000005a0       0x20 obj/fw_ram_section_init.o
 .debug_aranges
                0x00000000000005c0       0x20 obj/fw_startup.o
 .debug_aranges
                0x00000000000005e0       0x70 obj/lin22.o
 .debug_aranges
                0x0000000000000650       0x30 obj/lin_api_config.o
 .debug_aranges
                0x0000000000000680       0x68 obj/lin_cfg_sl.o
 .debug_aranges
                0x00000000000006e8       0x30 obj/lin_core.o
 .debug_aranges
                0x0000000000000718       0x78 obj/lin_core_sl.o
 .debug_aranges